Archive member included because of file (symbol)

c:/program files (x86)/atmel/avr tools/avr toolchain/bin/../lib/gcc/avr/4.8.1/avr5\libgcc.a(_udivmodhi4.o)
                              ./MK_GSM/mk_gsm.o (__udivmodhi4)
c:/program files (x86)/atmel/avr tools/avr toolchain/bin/../lib/gcc/avr/4.8.1/avr5\libgcc.a(_exit.o)
                              c:/program files (x86)/atmel/avr tools/avr toolchain/bin/../lib/gcc/avr/4.8.1/../../../../avr/lib/avr5/crtm32.o (exit)
c:/program files (x86)/atmel/avr tools/avr toolchain/bin/../lib/gcc/avr/4.8.1/avr5\libgcc.a(_clear_bss.o)
                              ./MK_USART/mkuart.o (__do_clear_bss)
c:/program files (x86)/atmel/avr tools/avr toolchain/bin/../lib/gcc/avr/4.8.1/../../../../avr/lib/avr5\libc.a(strcmp_P.o)
                              ./main.o (strcmp_P)
c:/program files (x86)/atmel/avr tools/avr toolchain/bin/../lib/gcc/avr/4.8.1/../../../../avr/lib/avr5\libc.a(itoa.o)
                              ./MK_USART/mkuart.o (__itoa)
c:/program files (x86)/atmel/avr tools/avr toolchain/bin/../lib/gcc/avr/4.8.1/../../../../avr/lib/avr5\libc.a(itoa_ncheck.o)
                              ./LCD/lcd44780.o (__itoa_ncheck)
c:/program files (x86)/atmel/avr tools/avr toolchain/bin/../lib/gcc/avr/4.8.1/../../../../avr/lib/avr5\libc.a(ltoa_ncheck.o)
                              ./LCD/lcd44780.o (__ltoa_ncheck)
c:/program files (x86)/atmel/avr tools/avr toolchain/bin/../lib/gcc/avr/4.8.1/../../../../avr/lib/avr5\libc.a(ultoa_ncheck.o)
                              c:/program files (x86)/atmel/avr tools/avr toolchain/bin/../lib/gcc/avr/4.8.1/../../../../avr/lib/avr5\libc.a(ltoa_ncheck.o) (__ultoa_common)
c:/program files (x86)/atmel/avr tools/avr toolchain/bin/../lib/gcc/avr/4.8.1/../../../../avr/lib/avr5\libc.a(utoa_ncheck.o)
                              c:/program files (x86)/atmel/avr tools/avr toolchain/bin/../lib/gcc/avr/4.8.1/../../../../avr/lib/avr5\libc.a(itoa_ncheck.o) (__utoa_common)
c:/program files (x86)/atmel/avr tools/avr toolchain/bin/../lib/gcc/avr/4.8.1/../../../../avr/lib/avr5\libc.a(eerd_byte_atmega32.o)
                              ./LCD/lcd44780.o (__eerd_byte_m32)
c:/program files (x86)/atmel/avr tools/avr toolchain/bin/../lib/gcc/avr/4.8.1/../../../../avr/lib/avr5\libc.a(strrev.o)
                              c:/program files (x86)/atmel/avr tools/avr toolchain/bin/../lib/gcc/avr/4.8.1/../../../../avr/lib/avr5\libc.a(ultoa_ncheck.o) (strrev)

Allocating common symbols
Common symbol       size              file

stimers             0x15              ./soft_timers.o
toggle_bit          0x1               ./IR_UNI/ir_rc5.o
address             0x1               ./IR_UNI/ir_rc5.o
UART_TxHead         0x1               ./MK_USART/mkuart.o
command             0x1               ./IR_UNI/ir_rc5.o
last_toggle         0x1               ./IR_UNI/ir_rc5.o
rc5cnt              0x1               ./IR_UNI/ir_rc5.o
ascii_line          0x1               ./MK_USART/mkuart.o
Ir_key_press_flag   0x1               ./IR_UNI/ir_rc5.o
key_time            0x1               ./IR_UNI/ir_rc5.o
UART_TxTail         0x1               ./MK_USART/mkuart.o
atprocess           0x7               ./MK_GSM/mk_gsm.o
buf                 0x100             ./main.o
UART_TxBuf          0x2               ./MK_USART/mkuart.o
UART_RxHead         0x1               ./MK_USART/mkuart.o
UART_RxTail         0x1               ./MK_USART/mkuart.o
UART_RxBuf          0x100             ./MK_USART/mkuart.o

Memory Configuration

Name             Origin             Length             Attributes
text             0x00000000         0x00020000         xr
data             0x00800060         0x0000ffa0         rw !x
eeprom           0x00810000         0x00010000         rw !x
fuse             0x00820000         0x00000400         rw !x
lock             0x00830000         0x00000400         rw !x
signature        0x00840000         0x00000400         rw !x
user_signatures  0x00850000         0x00000400         rw !x
*default*        0x00000000         0xffffffff

Linker script and memory map

LOAD c:/program files (x86)/atmel/avr tools/avr toolchain/bin/../lib/gcc/avr/4.8.1/../../../../avr/lib/avr5/crtm32.o
LOAD ./MK_USART/mkuart.o
LOAD ./MK_GSM/mk_atcmdlist.o
LOAD ./MK_GSM/mk_gsm.o
LOAD ./LCD/lcd44780.o
LOAD ./IR_UNI/ir_jvc.o
LOAD ./IR_UNI/ir_rc5.o
LOAD ./IR_UNI/ir_samsung.o
LOAD ./IR_UNI/ir_sony.o
LOAD ./common.o
LOAD ./main.o
LOAD ./soft_timers.o
START GROUP
LOAD c:/program files (x86)/atmel/avr tools/avr toolchain/bin/../lib/gcc/avr/4.8.1/avr5\libgcc.a
LOAD c:/program files (x86)/atmel/avr tools/avr toolchain/bin/../lib/gcc/avr/4.8.1/../../../../avr/lib/avr5\libm.a
LOAD c:/program files (x86)/atmel/avr tools/avr toolchain/bin/../lib/gcc/avr/4.8.1/../../../../avr/lib/avr5\libc.a
END GROUP

.hash
 *(.hash)

.dynsym
 *(.dynsym)

.dynstr
 *(.dynstr)

.gnu.version
 *(.gnu.version)

.gnu.version_d
 *(.gnu.version_d)

.gnu.version_r
 *(.gnu.version_r)

.rel.init
 *(.rel.init)

.rela.init
 *(.rela.init)

.rel.text
 *(.rel.text)
 *(.rel.text.*)
 *(.rel.gnu.linkonce.t*)

.rela.text
 *(.rela.text)
 *(.rela.text.*)
 *(.rela.gnu.linkonce.t*)

.rel.fini
 *(.rel.fini)

.rela.fini
 *(.rela.fini)

.rel.rodata
 *(.rel.rodata)
 *(.rel.rodata.*)
 *(.rel.gnu.linkonce.r*)

.rela.rodata
 *(.rela.rodata)
 *(.rela.rodata.*)
 *(.rela.gnu.linkonce.r*)

.rel.data
 *(.rel.data)
 *(.rel.data.*)
 *(.rel.gnu.linkonce.d*)

.rela.data
 *(.rela.data)
 *(.rela.data.*)
 *(.rela.gnu.linkonce.d*)

.rel.ctors
 *(.rel.ctors)

.rela.ctors
 *(.rela.ctors)

.rel.dtors
 *(.rel.dtors)

.rela.dtors
 *(.rela.dtors)

.rel.got
 *(.rel.got)

.rela.got
 *(.rela.got)

.rel.bss
 *(.rel.bss)

.rela.bss
 *(.rela.bss)

.rel.plt
 *(.rel.plt)

.rela.plt
 *(.rela.plt)

.text           0x00000000      0xdb0
 *(.vectors)
 .vectors       0x00000000       0x54 c:/program files (x86)/atmel/avr tools/avr toolchain/bin/../lib/gcc/avr/4.8.1/../../../../avr/lib/avr5/crtm32.o
                0x00000000                __vector_default
                0x00000000                __vectors
 *(.vectors)
 *(.progmem.gcc*)
                0x00000054                . = ALIGN (0x2)
                0x00000054                __trampolines_start = .
 *(.trampolines)
 .trampolines   0x00000054        0x0 linker stubs
 *(.trampolines*)
                0x00000054                __trampolines_end = .
 *(.progmem*)
 .progmem.data.atlist
                0x00000054        0xa ./MK_GSM/mk_atcmdlist.o
                0x00000054                atlist
 .progmem.data.at_csq
                0x0000005e        0x5 ./MK_GSM/mk_atcmdlist.o
                0x0000005e                at_csq
 .progmem.data.at_creg
                0x00000063        0x6 ./MK_GSM/mk_atcmdlist.o
                0x00000063                at_creg
 .progmem.data.at_cpin
                0x00000069        0x6 ./MK_GSM/mk_atcmdlist.o
                0x00000069                at_cpin
 .progmem.data.ate
                0x0000006f        0x2 ./MK_GSM/mk_atcmdlist.o
                0x0000006f                ate
 .progmem.data.at_
                0x00000071        0x3 ./MK_GSM/mk_atcmdlist.o
                0x00000071                at_
 .progmem.data.ukosnik
                0x00000074        0x8 ./common.o
                0x00000074                ukosnik
 .progmem.data.__c.2371
                0x0000007c        0x6 ./main.o
 .progmem.data.__c.2369
                0x00000082        0x3 ./main.o
 .progmem.data.__c.2364
                0x00000085        0xf ./main.o
 .progmem.data.__c.2362
                0x00000094       0x10 ./main.o
 .progmem.data.__c.2354
                0x000000a4        0xd ./main.o
 .progmem.data.__c.2352
                0x000000b1       0x11 ./main.o
                0x000000c2                . = ALIGN (0x2)
 *(.jumptables)
 *(.jumptables*)
 *(.lowtext)
 *(.lowtext*)
                0x000000c2                __ctors_start = .
 *(.ctors)
                0x000000c2                __ctors_end = .
                0x000000c2                __dtors_start = .
 *(.dtors)
                0x000000c2                __dtors_end = .
 SORT(*)(.ctors)
 SORT(*)(.dtors)
 *(.init0)
 .init0         0x000000c2        0x0 c:/program files (x86)/atmel/avr tools/avr toolchain/bin/../lib/gcc/avr/4.8.1/../../../../avr/lib/avr5/crtm32.o
                0x000000c2                __init
 *(.init0)
 *(.init1)
 *(.init1)
 *(.init2)
 .init2         0x000000c2        0xc c:/program files (x86)/atmel/avr tools/avr toolchain/bin/../lib/gcc/avr/4.8.1/../../../../avr/lib/avr5/crtm32.o
 *(.init2)
 *(.init3)
 *(.init3)
 *(.init4)
 .init4         0x000000ce       0x10 c:/program files (x86)/atmel/avr tools/avr toolchain/bin/../lib/gcc/avr/4.8.1/avr5\libgcc.a(_clear_bss.o)
                0x000000ce                __do_clear_bss
 *(.init4)
 *(.init5)
 *(.init5)
 *(.init6)
 *(.init6)
 *(.init7)
 *(.init7)
 *(.init8)
 *(.init8)
 *(.init9)
 .init9         0x000000de        0x8 c:/program files (x86)/atmel/avr tools/avr toolchain/bin/../lib/gcc/avr/4.8.1/../../../../avr/lib/avr5/crtm32.o
 *(.init9)
 *(.text)
 .text          0x000000e6        0x4 c:/program files (x86)/atmel/avr tools/avr toolchain/bin/../lib/gcc/avr/4.8.1/../../../../avr/lib/avr5/crtm32.o
                0x000000e6                __vector_1
                0x000000e6                __vector_12
                0x000000e6                __bad_interrupt
                0x000000e6                __vector_3
                0x000000e6                __vector_11
                0x000000e6                __vector_17
                0x000000e6                __vector_19
                0x000000e6                __vector_7
                0x000000e6                __vector_5
                0x000000e6                __vector_9
                0x000000e6                __vector_2
                0x000000e6                __vector_15
                0x000000e6                __vector_8
                0x000000e6                __vector_10
                0x000000e6                __vector_16
                0x000000e6                __vector_18
                0x000000e6                __vector_20
 .text          0x000000ea        0x0 ./MK_USART/mkuart.o
 .text          0x000000ea        0x0 ./MK_GSM/mk_atcmdlist.o
 .text          0x000000ea        0x0 ./MK_GSM/mk_gsm.o
 .text          0x000000ea        0x0 ./LCD/lcd44780.o
 .text          0x000000ea        0x0 ./IR_UNI/ir_jvc.o
 .text          0x000000ea        0x0 ./IR_UNI/ir_rc5.o
 .text          0x000000ea        0x0 ./IR_UNI/ir_samsung.o
 .text          0x000000ea        0x0 ./IR_UNI/ir_sony.o
 .text          0x000000ea        0x0 ./common.o
 .text          0x000000ea        0x0 ./main.o
 .text          0x000000ea        0x0 ./soft_timers.o
 .text          0x000000ea        0x0 c:/program files (x86)/atmel/avr tools/avr toolchain/bin/../lib/gcc/avr/4.8.1/avr5\libgcc.a(_udivmodhi4.o)
 .text          0x000000ea        0x0 c:/program files (x86)/atmel/avr tools/avr toolchain/bin/../lib/gcc/avr/4.8.1/avr5\libgcc.a(_exit.o)
 .text          0x000000ea        0x0 c:/program files (x86)/atmel/avr tools/avr toolchain/bin/../lib/gcc/avr/4.8.1/avr5\libgcc.a(_clear_bss.o)
 .text          0x000000ea        0x0 c:/program files (x86)/atmel/avr tools/avr toolchain/bin/../lib/gcc/avr/4.8.1/../../../../avr/lib/avr5\libc.a(strcmp_P.o)
 .text          0x000000ea        0x0 c:/program files (x86)/atmel/avr tools/avr toolchain/bin/../lib/gcc/avr/4.8.1/../../../../avr/lib/avr5\libc.a(itoa.o)
 .text          0x000000ea        0x0 c:/program files (x86)/atmel/avr tools/avr toolchain/bin/../lib/gcc/avr/4.8.1/../../../../avr/lib/avr5\libc.a(itoa_ncheck.o)
 .text          0x000000ea        0x0 c:/program files (x86)/atmel/avr tools/avr toolchain/bin/../lib/gcc/avr/4.8.1/../../../../avr/lib/avr5\libc.a(ltoa_ncheck.o)
 .text          0x000000ea        0x0 c:/program files (x86)/atmel/avr tools/avr toolchain/bin/../lib/gcc/avr/4.8.1/../../../../avr/lib/avr5\libc.a(ultoa_ncheck.o)
 .text          0x000000ea        0x0 c:/program files (x86)/atmel/avr tools/avr toolchain/bin/../lib/gcc/avr/4.8.1/../../../../avr/lib/avr5\libc.a(utoa_ncheck.o)
 .text          0x000000ea        0x0 c:/program files (x86)/atmel/avr tools/avr toolchain/bin/../lib/gcc/avr/4.8.1/../../../../avr/lib/avr5\libc.a(eerd_byte_atmega32.o)
 .text          0x000000ea        0x0 c:/program files (x86)/atmel/avr tools/avr toolchain/bin/../lib/gcc/avr/4.8.1/../../../../avr/lib/avr5\libc.a(strrev.o)
                0x000000ea                . = ALIGN (0x2)
 *(.text.*)
 .text.register_uart_str_rx_event_callback
                0x000000ea        0xa ./MK_USART/mkuart.o
                0x000000ea                register_uart_str_rx_event_callback
 .text.register_uart_str_rx_event_callback0
                0x000000f4        0xa ./MK_USART/mkuart.o
                0x000000f4                register_uart_str_rx_event_callback0
 .text.USART_Init
                0x000000fe       0x14 ./MK_USART/mkuart.o
                0x000000fe                USART_Init
 .text.uart_putc
                0x00000112       0x28 ./MK_USART/mkuart.o
                0x00000112                uart_putc
 .text.uart_puts
                0x0000013a       0x18 ./MK_USART/mkuart.o
                0x0000013a                uart_puts
 .text.uart_puts_P
                0x00000152       0x1e ./MK_USART/mkuart.o
                0x00000152                uart_puts_P
 .text.uart_putint
                0x00000170       0x3a ./MK_USART/mkuart.o
                0x00000170                uart_putint
 .text.__vector_14
                0x000001aa       0x4e ./MK_USART/mkuart.o
                0x000001aa                __vector_14
 .text.uart_getc
                0x000001f8       0x32 ./MK_USART/mkuart.o
                0x000001f8                uart_getc
 .text.uart_get_str
                0x0000022a       0x44 ./MK_USART/mkuart.o
                0x0000022a                uart_get_str
 .text.UART_RX_STR_EVENT
                0x0000026e       0x74 ./MK_USART/mkuart.o
                0x0000026e                UART_RX_STR_EVENT
 .text.uart_wait_char
                0x000002e2       0x34 ./MK_USART/mkuart.o
                0x000002e2                uart_wait_char
 .text.__vector_13
                0x00000316       0x62 ./MK_USART/mkuart.o
                0x00000316                __vector_13
 .text.send_at  0x00000378       0x86 ./MK_GSM/mk_gsm.o
                0x00000378                send_at
 .text.wait_for_at_process_end
                0x000003fe       0x12 ./MK_GSM/mk_gsm.o
                0x000003fe                wait_for_at_process_end
 .text.data_dir_out
                0x00000410        0xa ./LCD/lcd44780.o
 .text.lcd_readHalf
                0x0000041a       0x16 ./LCD/lcd44780.o
 .text.lcd_sendHalf
                0x00000430       0x2a ./LCD/lcd44780.o
 .text._lcd_read_byte
                0x0000045a       0x28 ./LCD/lcd44780.o
                0x0000045a                _lcd_read_byte
 .text.check_BF
                0x00000482        0x6 ./LCD/lcd44780.o
                0x00000482                check_BF
 .text._lcd_write_byte
                0x00000488       0x2e ./LCD/lcd44780.o
                0x00000488                _lcd_write_byte
 .text.lcd_write_cmd
                0x000004b6        0x6 ./LCD/lcd44780.o
                0x000004b6                lcd_write_cmd
 .text.lcd_write_data
                0x000004bc        0x6 ./LCD/lcd44780.o
                0x000004bc                lcd_write_data
 .text.lcd_char
                0x000004c2        0xe ./LCD/lcd44780.o
                0x000004c2                lcd_char
 .text.lcd_str  0x000004d0       0x18 ./LCD/lcd44780.o
                0x000004d0                lcd_str
 .text.lcd_str_P
                0x000004e8       0x1e ./LCD/lcd44780.o
                0x000004e8                lcd_str_P
 .text.lcd_str_E
                0x00000506       0x22 ./LCD/lcd44780.o
                0x00000506                lcd_str_E
 .text.lcd_int  0x00000528       0x36 ./LCD/lcd44780.o
                0x00000528                lcd_int
 .text.lcd_hex  0x0000055e       0x36 ./LCD/lcd44780.o
                0x0000055e                lcd_hex
 .text.lcd_defchar
                0x00000594       0x54 ./LCD/lcd44780.o
                0x00000594                lcd_defchar
 .text.lcd_defchar_P
                0x000005e8       0x38 ./LCD/lcd44780.o
                0x000005e8                lcd_defchar_P
 .text.lcd_defchar_E
                0x00000620       0x4c ./LCD/lcd44780.o
                0x00000620                lcd_defchar_E
 .text.lcd_locate
                0x0000066c        0xe ./LCD/lcd44780.o
                0x0000066c                lcd_locate
 .text.lcd_cls  0x0000067a        0x6 ./LCD/lcd44780.o
                0x0000067a                lcd_cls
 .text.lcd_cursor_on
                0x00000680        0x6 ./LCD/lcd44780.o
                0x00000680                lcd_cursor_on
 .text.lcd_cursor_off
                0x00000686        0x6 ./LCD/lcd44780.o
                0x00000686                lcd_cursor_off
 .text.lcd_blink_on
                0x0000068c        0x6 ./LCD/lcd44780.o
                0x0000068c                lcd_blink_on
 .text.lcd_blink_off
                0x00000692        0x6 ./LCD/lcd44780.o
                0x00000692                lcd_blink_off
 .text.lcd_init
                0x00000698       0x8e ./LCD/lcd44780.o
                0x00000698                lcd_init
 .text.register_ir_event_callback
                0x00000726        0xa ./IR_UNI/ir_rc5.o
                0x00000726                register_ir_event_callback
 .text.IR_EVENT
                0x00000730       0x32 ./IR_UNI/ir_rc5.o
                0x00000730                IR_EVENT
 .text.ir_init  0x00000762       0x16 ./IR_UNI/ir_rc5.o
                0x00000762                ir_init
 .text.__vector_6
                0x00000778      0x18e ./IR_UNI/ir_rc5.o
                0x00000778                __vector_6
 .text.MAIN_EVENTS
                0x00000906       0x14 ./common.o
                0x00000906                MAIN_EVENTS
 .text.mDelay   0x0000091a       0x16 ./common.o
                0x0000091a                mDelay
 .text.parse_ir
                0x00000930        0x2 ./main.o
                0x00000930                parse_ir
 .text.tmr_at_process
                0x00000932       0x4c ./main.o
                0x00000932                tmr_at_process
 .text.parse_rs232
                0x0000097e       0x3c ./main.o
                0x0000097e                parse_rs232
 .text.gsm_soft_start
                0x000009ba       0xb2 ./main.o
                0x000009ba                gsm_soft_start
 .text.startup.main
                0x00000a6c       0x6c ./main.o
                0x00000a6c                main
 .text.timers_process
                0x00000ad8       0x40 ./soft_timers.o
 .text.soft_timers_init
                0x00000b18       0x18 ./soft_timers.o
                0x00000b18                soft_timers_init
 .text.__vector_4
                0x00000b30       0x5e ./soft_timers.o
                0x00000b30                __vector_4
 .text.timer_init
                0x00000b8e       0x26 ./soft_timers.o
                0x00000b8e                timer_init
 .text.timer_enable
                0x00000bb4       0x28 ./soft_timers.o
                0x00000bb4                timer_enable
 .text.timer_isenabled
                0x00000bdc       0x10 ./soft_timers.o
                0x00000bdc                timer_isenabled
 .text.timer_disable
                0x00000bec       0x10 ./soft_timers.o
                0x00000bec                timer_disable
 .text.timer_interval
                0x00000bfc       0x26 ./soft_timers.o
                0x00000bfc                timer_interval
 .text.TIMERS_EVENT
                0x00000c22       0x5e ./soft_timers.o
                0x00000c22                TIMERS_EVENT
 .text.libgcc.mul
                0x00000c80        0x0 c:/program files (x86)/atmel/avr tools/avr toolchain/bin/../lib/gcc/avr/4.8.1/avr5\libgcc.a(_udivmodhi4.o)
 .text.libgcc.div
                0x00000c80       0x28 c:/program files (x86)/atmel/avr tools/avr toolchain/bin/../lib/gcc/avr/4.8.1/avr5\libgcc.a(_udivmodhi4.o)
                0x00000c80                __udivmodhi4
 .text.libgcc   0x00000ca8        0x0 c:/program files (x86)/atmel/avr tools/avr toolchain/bin/../lib/gcc/avr/4.8.1/avr5\libgcc.a(_udivmodhi4.o)
 .text.libgcc.prologue
                0x00000ca8        0x0 c:/program files (x86)/atmel/avr tools/avr toolchain/bin/../lib/gcc/avr/4.8.1/avr5\libgcc.a(_udivmodhi4.o)
 .text.libgcc.builtins
                0x00000ca8        0x0 c:/program files (x86)/atmel/avr tools/avr toolchain/bin/../lib/gcc/avr/4.8.1/avr5\libgcc.a(_udivmodhi4.o)
 .text.libgcc.fmul
                0x00000ca8        0x0 c:/program files (x86)/atmel/avr tools/avr toolchain/bin/../lib/gcc/avr/4.8.1/avr5\libgcc.a(_udivmodhi4.o)
 .text.libgcc.fixed
                0x00000ca8        0x0 c:/program files (x86)/atmel/avr tools/avr toolchain/bin/../lib/gcc/avr/4.8.1/avr5\libgcc.a(_udivmodhi4.o)
 .text.libgcc.mul
                0x00000ca8        0x0 c:/program files (x86)/atmel/avr tools/avr toolchain/bin/../lib/gcc/avr/4.8.1/avr5\libgcc.a(_exit.o)
 .text.libgcc.div
                0x00000ca8        0x0 c:/program files (x86)/atmel/avr tools/avr toolchain/bin/../lib/gcc/avr/4.8.1/avr5\libgcc.a(_exit.o)
 .text.libgcc   0x00000ca8        0x0 c:/program files (x86)/atmel/avr tools/avr toolchain/bin/../lib/gcc/avr/4.8.1/avr5\libgcc.a(_exit.o)
 .text.libgcc.prologue
                0x00000ca8        0x0 c:/program files (x86)/atmel/avr tools/avr toolchain/bin/../lib/gcc/avr/4.8.1/avr5\libgcc.a(_exit.o)
 .text.libgcc.builtins
                0x00000ca8        0x0 c:/program files (x86)/atmel/avr tools/avr toolchain/bin/../lib/gcc/avr/4.8.1/avr5\libgcc.a(_exit.o)
 .text.libgcc.fmul
                0x00000ca8        0x0 c:/program files (x86)/atmel/avr tools/avr toolchain/bin/../lib/gcc/avr/4.8.1/avr5\libgcc.a(_exit.o)
 .text.libgcc.fixed
                0x00000ca8        0x0 c:/program files (x86)/atmel/avr tools/avr toolchain/bin/../lib/gcc/avr/4.8.1/avr5\libgcc.a(_exit.o)
 .text.libgcc.mul
                0x00000ca8        0x0 c:/program files (x86)/atmel/avr tools/avr toolchain/bin/../lib/gcc/avr/4.8.1/avr5\libgcc.a(_clear_bss.o)
 .text.libgcc.div
                0x00000ca8        0x0 c:/program files (x86)/atmel/avr tools/avr toolchain/bin/../lib/gcc/avr/4.8.1/avr5\libgcc.a(_clear_bss.o)
 .text.libgcc   0x00000ca8        0x0 c:/program files (x86)/atmel/avr tools/avr toolchain/bin/../lib/gcc/avr/4.8.1/avr5\libgcc.a(_clear_bss.o)
 .text.libgcc.prologue
                0x00000ca8        0x0 c:/program files (x86)/atmel/avr tools/avr toolchain/bin/../lib/gcc/avr/4.8.1/avr5\libgcc.a(_clear_bss.o)
 .text.libgcc.builtins
                0x00000ca8        0x0 c:/program files (x86)/atmel/avr tools/avr toolchain/bin/../lib/gcc/avr/4.8.1/avr5\libgcc.a(_clear_bss.o)
 .text.libgcc.fmul
                0x00000ca8        0x0 c:/program files (x86)/atmel/avr tools/avr toolchain/bin/../lib/gcc/avr/4.8.1/avr5\libgcc.a(_clear_bss.o)
 .text.libgcc.fixed
                0x00000ca8        0x0 c:/program files (x86)/atmel/avr tools/avr toolchain/bin/../lib/gcc/avr/4.8.1/avr5\libgcc.a(_clear_bss.o)
 .text.avr-libc
                0x00000ca8       0x12 c:/program files (x86)/atmel/avr tools/avr toolchain/bin/../lib/gcc/avr/4.8.1/../../../../avr/lib/avr5\libc.a(strcmp_P.o)
                0x00000ca8                strcmp_P
 .text.avr-libc
                0x00000cba       0x16 c:/program files (x86)/atmel/avr tools/avr toolchain/bin/../lib/gcc/avr/4.8.1/../../../../avr/lib/avr5\libc.a(itoa.o)
                0x00000cba                __itoa
                0x00000cba                itoa
 .text.avr-libc
                0x00000cd0       0x16 c:/program files (x86)/atmel/avr tools/avr toolchain/bin/../lib/gcc/avr/4.8.1/../../../../avr/lib/avr5\libc.a(itoa_ncheck.o)
                0x00000cd0                __itoa_ncheck
 .text.avr-libc
                0x00000ce6       0x1e c:/program files (x86)/atmel/avr tools/avr toolchain/bin/../lib/gcc/avr/4.8.1/../../../../avr/lib/avr5\libc.a(ltoa_ncheck.o)
                0x00000ce6                __ltoa_ncheck
 .text.avr-libc
                0x00000d04       0x44 c:/program files (x86)/atmel/avr tools/avr toolchain/bin/../lib/gcc/avr/4.8.1/../../../../avr/lib/avr5\libc.a(ultoa_ncheck.o)
                0x00000d04                __ultoa_ncheck
                0x00000d06                __ultoa_common
 .text.avr-libc
                0x00000d48       0x34 c:/program files (x86)/atmel/avr tools/avr toolchain/bin/../lib/gcc/avr/4.8.1/../../../../avr/lib/avr5\libc.a(utoa_ncheck.o)
                0x00000d48                __utoa_ncheck
                0x00000d4a                __utoa_common
 .text.avr-libc
                0x00000d7c       0x10 c:/program files (x86)/atmel/avr tools/avr toolchain/bin/../lib/gcc/avr/4.8.1/../../../../avr/lib/avr5\libc.a(eerd_byte_atmega32.o)
                0x00000d7c                __eerd_byte_m32
 .text.avr-libc
                0x00000d8c       0x20 c:/program files (x86)/atmel/avr tools/avr toolchain/bin/../lib/gcc/avr/4.8.1/../../../../avr/lib/avr5\libc.a(strrev.o)
                0x00000d8c                strrev
                0x00000dac                . = ALIGN (0x2)
 *(.fini9)
 .fini9         0x00000dac        0x0 c:/program files (x86)/atmel/avr tools/avr toolchain/bin/../lib/gcc/avr/4.8.1/avr5\libgcc.a(_exit.o)
                0x00000dac                _exit
                0x00000dac                exit
 *(.fini9)
 *(.fini8)
 *(.fini8)
 *(.fini7)
 *(.fini7)
 *(.fini6)
 *(.fini6)
 *(.fini5)
 *(.fini5)
 *(.fini4)
 *(.fini4)
 *(.fini3)
 *(.fini3)
 *(.fini2)
 *(.fini2)
 *(.fini1)
 *(.fini1)
 *(.fini0)
 .fini0         0x00000dac        0x4 c:/program files (x86)/atmel/avr tools/avr toolchain/bin/../lib/gcc/avr/4.8.1/avr5\libgcc.a(_exit.o)
 *(.fini0)
                0x00000db0                _etext = .

.data           0x00800060        0x0 load address 0x00000db0
                0x00800060                PROVIDE (__data_start, .)
 *(.data)
 .data          0x00800060        0x0 c:/program files (x86)/atmel/avr tools/avr toolchain/bin/../lib/gcc/avr/4.8.1/../../../../avr/lib/avr5/crtm32.o
 .data          0x00800060        0x0 ./MK_USART/mkuart.o
 .data          0x00800060        0x0 ./MK_GSM/mk_atcmdlist.o
 .data          0x00800060        0x0 ./MK_GSM/mk_gsm.o
 .data          0x00800060        0x0 ./LCD/lcd44780.o
 .data          0x00800060        0x0 ./IR_UNI/ir_jvc.o
 .data          0x00800060        0x0 ./IR_UNI/ir_rc5.o
 .data          0x00800060        0x0 ./IR_UNI/ir_samsung.o
 .data          0x00800060        0x0 ./IR_UNI/ir_sony.o
 .data          0x00800060        0x0 ./common.o
 .data          0x00800060        0x0 ./main.o
 .data          0x00800060        0x0 ./soft_timers.o
 .data          0x00800060        0x0 c:/program files (x86)/atmel/avr tools/avr toolchain/bin/../lib/gcc/avr/4.8.1/avr5\libgcc.a(_udivmodhi4.o)
 .data          0x00800060        0x0 c:/program files (x86)/atmel/avr tools/avr toolchain/bin/../lib/gcc/avr/4.8.1/avr5\libgcc.a(_exit.o)
 .data          0x00800060        0x0 c:/program files (x86)/atmel/avr tools/avr toolchain/bin/../lib/gcc/avr/4.8.1/avr5\libgcc.a(_clear_bss.o)
 .data          0x00800060        0x0 c:/program files (x86)/atmel/avr tools/avr toolchain/bin/../lib/gcc/avr/4.8.1/../../../../avr/lib/avr5\libc.a(strcmp_P.o)
 .data          0x00800060        0x0 c:/program files (x86)/atmel/avr tools/avr toolchain/bin/../lib/gcc/avr/4.8.1/../../../../avr/lib/avr5\libc.a(itoa.o)
 .data          0x00800060        0x0 c:/program files (x86)/atmel/avr tools/avr toolchain/bin/../lib/gcc/avr/4.8.1/../../../../avr/lib/avr5\libc.a(itoa_ncheck.o)
 .data          0x00800060        0x0 c:/program files (x86)/atmel/avr tools/avr toolchain/bin/../lib/gcc/avr/4.8.1/../../../../avr/lib/avr5\libc.a(ltoa_ncheck.o)
 .data          0x00800060        0x0 c:/program files (x86)/atmel/avr tools/avr toolchain/bin/../lib/gcc/avr/4.8.1/../../../../avr/lib/avr5\libc.a(ultoa_ncheck.o)
 .data          0x00800060        0x0 c:/program files (x86)/atmel/avr tools/avr toolchain/bin/../lib/gcc/avr/4.8.1/../../../../avr/lib/avr5\libc.a(utoa_ncheck.o)
 .data          0x00800060        0x0 c:/program files (x86)/atmel/avr tools/avr toolchain/bin/../lib/gcc/avr/4.8.1/../../../../avr/lib/avr5\libc.a(eerd_byte_atmega32.o)
 .data          0x00800060        0x0 c:/program files (x86)/atmel/avr tools/avr toolchain/bin/../lib/gcc/avr/4.8.1/../../../../avr/lib/avr5\libc.a(strrev.o)
 *(.data*)
 *(.rodata)
 *(.rodata*)
 *(.gnu.linkonce.d*)
                0x00800060                . = ALIGN (0x2)
                0x00800060                _edata = .
                0x00800060                PROVIDE (__data_end, .)

.bss            0x00800060      0x236
                0x00800060                PROVIDE (__bss_start, .)
 *(.bss)
 .bss           0x00800060        0x0 c:/program files (x86)/atmel/avr tools/avr toolchain/bin/../lib/gcc/avr/4.8.1/../../../../avr/lib/avr5/crtm32.o
 .bss           0x00800060        0x0 ./MK_USART/mkuart.o
 .bss           0x00800060        0x0 ./MK_GSM/mk_atcmdlist.o
 .bss           0x00800060        0x0 ./MK_GSM/mk_gsm.o
 .bss           0x00800060        0x0 ./LCD/lcd44780.o
 .bss           0x00800060        0x0 ./IR_UNI/ir_jvc.o
 .bss           0x00800060        0x0 ./IR_UNI/ir_rc5.o
 .bss           0x00800060        0x0 ./IR_UNI/ir_samsung.o
 .bss           0x00800060        0x0 ./IR_UNI/ir_sony.o
 .bss           0x00800060        0x0 ./common.o
 .bss           0x00800060        0x0 ./main.o
 .bss           0x00800060        0x0 ./soft_timers.o
 .bss           0x00800060        0x0 c:/program files (x86)/atmel/avr tools/avr toolchain/bin/../lib/gcc/avr/4.8.1/avr5\libgcc.a(_udivmodhi4.o)
 .bss           0x00800060        0x0 c:/program files (x86)/atmel/avr tools/avr toolchain/bin/../lib/gcc/avr/4.8.1/avr5\libgcc.a(_exit.o)
 .bss           0x00800060        0x0 c:/program files (x86)/atmel/avr tools/avr toolchain/bin/../lib/gcc/avr/4.8.1/avr5\libgcc.a(_clear_bss.o)
 .bss           0x00800060        0x0 c:/program files (x86)/atmel/avr tools/avr toolchain/bin/../lib/gcc/avr/4.8.1/../../../../avr/lib/avr5\libc.a(strcmp_P.o)
 .bss           0x00800060        0x0 c:/program files (x86)/atmel/avr tools/avr toolchain/bin/../lib/gcc/avr/4.8.1/../../../../avr/lib/avr5\libc.a(itoa.o)
 .bss           0x00800060        0x0 c:/program files (x86)/atmel/avr tools/avr toolchain/bin/../lib/gcc/avr/4.8.1/../../../../avr/lib/avr5\libc.a(itoa_ncheck.o)
 .bss           0x00800060        0x0 c:/program files (x86)/atmel/avr tools/avr toolchain/bin/../lib/gcc/avr/4.8.1/../../../../avr/lib/avr5\libc.a(ltoa_ncheck.o)
 .bss           0x00800060        0x0 c:/program files (x86)/atmel/avr tools/avr toolchain/bin/../lib/gcc/avr/4.8.1/../../../../avr/lib/avr5\libc.a(ultoa_ncheck.o)
 .bss           0x00800060        0x0 c:/program files (x86)/atmel/avr tools/avr toolchain/bin/../lib/gcc/avr/4.8.1/../../../../avr/lib/avr5\libc.a(utoa_ncheck.o)
 .bss           0x00800060        0x0 c:/program files (x86)/atmel/avr tools/avr toolchain/bin/../lib/gcc/avr/4.8.1/../../../../avr/lib/avr5\libc.a(eerd_byte_atmega32.o)
 .bss           0x00800060        0x0 c:/program files (x86)/atmel/avr tools/avr toolchain/bin/../lib/gcc/avr/4.8.1/../../../../avr/lib/avr5\libc.a(strrev.o)
 *(.bss*)
 .bss.uart_rx_str_event_callback0
                0x00800060        0x2 ./MK_USART/mkuart.o
 .bss.uart_rx_str_event_callback
                0x00800062        0x2 ./MK_USART/mkuart.o
 .bss.IrPulseCount.1506
                0x00800064        0x1 ./IR_UNI/ir_rc5.o
 .bss.IrData.1507
                0x00800065        0x2 ./IR_UNI/ir_rc5.o
 .bss.frame_status.1508
                0x00800067        0x1 ./IR_UNI/ir_rc5.o
 .bss.LastCapture.1504
                0x00800068        0x2 ./IR_UNI/ir_rc5.o
 .bss.ir_event_callback
                0x0080006a        0x2 ./IR_UNI/ir_rc5.o
 *(COMMON)
 COMMON         0x0080006c      0x107 ./MK_USART/mkuart.o
                0x0080006c                UART_TxHead
                0x0080006d                ascii_line
                0x0080006e                UART_TxTail
                0x0080006f                UART_TxBuf
                0x00800071                UART_RxHead
                0x00800072                UART_RxTail
                0x00800073                UART_RxBuf
 COMMON         0x00800173        0x7 ./MK_GSM/mk_gsm.o
                0x00800173                atprocess
 COMMON         0x0080017a        0x7 ./IR_UNI/ir_rc5.o
                0x0080017a                toggle_bit
                0x0080017b                address
                0x0080017c                command
                0x0080017d                last_toggle
                0x0080017e                rc5cnt
                0x0080017f                Ir_key_press_flag
                0x00800180                key_time
 COMMON         0x00800181      0x100 ./main.o
                0x00800181                buf
 COMMON         0x00800281       0x15 ./soft_timers.o
                0x00800281                stimers
                0x00800296                PROVIDE (__bss_end, .)
                0x00000db0                __data_load_start = LOADADDR (.data)
                0x00000db0                __data_load_end = (__data_load_start + SIZEOF (.data))

.noinit         0x00800296        0x0
                0x00800296                PROVIDE (__noinit_start, .)
 *(.noinit*)
                0x00800296                PROVIDE (__noinit_end, .)
                0x00800296                _end = .
                0x00800296                PROVIDE (__heap_start, .)

.eeprom         0x00810000        0x0
 *(.eeprom*)
                0x00810000                __eeprom_end = .

.fuse
 *(.fuse)
 *(.lfuse)
 *(.hfuse)
 *(.efuse)

.lock
 *(.lock*)

.signature
 *(.signature*)

.user_signatures
 *(.user_signatures*)

.stab
 *(.stab)

.stabstr
 *(.stabstr)

.stab.excl
 *(.stab.excl)

.stab.exclstr
 *(.stab.exclstr)

.stab.index
 *(.stab.index)

.stab.indexstr
 *(.stab.indexstr)

.comment        0x00000000       0x30
 *(.comment)
 .comment       0x00000000       0x30 ./MK_USART/mkuart.o
                                 0x31 (size before relaxing)
 .comment       0x00000000       0x31 ./MK_GSM/mk_atcmdlist.o
 .comment       0x00000000       0x31 ./MK_GSM/mk_gsm.o
 .comment       0x00000000       0x31 ./LCD/lcd44780.o
 .comment       0x00000000       0x31 ./IR_UNI/ir_jvc.o
 .comment       0x00000000       0x31 ./IR_UNI/ir_rc5.o
 .comment       0x00000000       0x31 ./IR_UNI/ir_samsung.o
 .comment       0x00000000       0x31 ./IR_UNI/ir_sony.o
 .comment       0x00000000       0x31 ./common.o
 .comment       0x00000000       0x31 ./main.o
 .comment       0x00000000       0x31 ./soft_timers.o

.note.gnu.build-id
 *(.note.gnu.build-id)

.debug
 *(.debug)

.line
 *(.line)

.debug_srcinfo
 *(.debug_srcinfo)

.debug_sfnames
 *(.debug_sfnames)

.debug_aranges
 *(.debug_aranges)

.debug_pubnames
 *(.debug_pubnames)

.debug_info
 *(.debug_info .gnu.linkonce.wi.*)

.debug_abbrev
 *(.debug_abbrev)

.debug_line
 *(.debug_line .debug_line.* .debug_line_end)

.debug_frame
 *(.debug_frame)

.debug_str
 *(.debug_str)

.debug_loc
 *(.debug_loc)

.debug_macinfo
 *(.debug_macinfo)

.debug_weaknames
 *(.debug_weaknames)

.debug_funcnames
 *(.debug_funcnames)

.debug_typenames
 *(.debug_typenames)

.debug_varnames
 *(.debug_varnames)

.debug_pubtypes
 *(.debug_pubtypes)

.debug_ranges
 *(.debug_ranges)

.debug_macro
 *(.debug_macro)
OUTPUT(02_ATB-MP-GSM.elf elf32-avr)
LOAD linker stubs
