Archive member included because of file (symbol)

c:/program files (x86)/atmel/avr tools/avr toolchain/bin/../lib/gcc/avr/4.8.1/avr4\libgcc.a(_udivmodhi4.o)
                              ./MK_GSM/mk_gsm.o (__udivmodhi4)
c:/program files (x86)/atmel/avr tools/avr toolchain/bin/../lib/gcc/avr/4.8.1/avr4\libgcc.a(_exit.o)
                              c:/program files (x86)/atmel/avr tools/avr toolchain/bin/../lib/gcc/avr/4.8.1/../../../../avr/lib/avr4/crtm8.o (exit)
c:/program files (x86)/atmel/avr tools/avr toolchain/bin/../lib/gcc/avr/4.8.1/avr4\libgcc.a(_copy_data.o)
                              ./main.o (__do_copy_data)
c:/program files (x86)/atmel/avr tools/avr toolchain/bin/../lib/gcc/avr/4.8.1/avr4\libgcc.a(_clear_bss.o)
                              ./MK_USART/mkuart.o (__do_clear_bss)
c:/program files (x86)/atmel/avr tools/avr toolchain/bin/../lib/gcc/avr/4.8.1/../../../../avr/lib/avr4\libc.a(strcmp_P.o)
                              ./main.o (strcmp_P)
c:/program files (x86)/atmel/avr tools/avr toolchain/bin/../lib/gcc/avr/4.8.1/../../../../avr/lib/avr4\libc.a(strtok.o)
                              ./main.o (strtok)
c:/program files (x86)/atmel/avr tools/avr toolchain/bin/../lib/gcc/avr/4.8.1/../../../../avr/lib/avr4\libc.a(strcmp.o)
                              ./main.o (strcmp)
c:/program files (x86)/atmel/avr tools/avr toolchain/bin/../lib/gcc/avr/4.8.1/../../../../avr/lib/avr4\libc.a(strstr.o)
                              ./main.o (strstr)
c:/program files (x86)/atmel/avr tools/avr toolchain/bin/../lib/gcc/avr/4.8.1/../../../../avr/lib/avr4\libc.a(strtok_r.o)
                              c:/program files (x86)/atmel/avr tools/avr toolchain/bin/../lib/gcc/avr/4.8.1/../../../../avr/lib/avr4\libc.a(strtok.o) (strtok_r)
c:/program files (x86)/atmel/avr tools/avr toolchain/bin/../lib/gcc/avr/4.8.1/../../../../avr/lib/avr4\libc.a(itoa.o)
                              ./MK_USART/mkuart.o (__itoa)
c:/program files (x86)/atmel/avr tools/avr toolchain/bin/../lib/gcc/avr/4.8.1/../../../../avr/lib/avr4\libc.a(itoa_ncheck.o)
                              c:/program files (x86)/atmel/avr tools/avr toolchain/bin/../lib/gcc/avr/4.8.1/../../../../avr/lib/avr4\libc.a(itoa.o) (__itoa_ncheck)
c:/program files (x86)/atmel/avr tools/avr toolchain/bin/../lib/gcc/avr/4.8.1/../../../../avr/lib/avr4\libc.a(utoa_ncheck.o)
                              c:/program files (x86)/atmel/avr tools/avr toolchain/bin/../lib/gcc/avr/4.8.1/../../../../avr/lib/avr4\libc.a(itoa_ncheck.o) (__utoa_common)
c:/program files (x86)/atmel/avr tools/avr toolchain/bin/../lib/gcc/avr/4.8.1/../../../../avr/lib/avr4\libc.a(strrev.o)
                              c:/program files (x86)/atmel/avr tools/avr toolchain/bin/../lib/gcc/avr/4.8.1/../../../../avr/lib/avr4\libc.a(utoa_ncheck.o) (strrev)

Allocating common symbols
Common symbol       size              file

stimers             0x15              ./soft_timers.o
BATTERY             0x2               ./MK_GSM/mk_atcmdlist.o
TOKEN               0x2               ./MK_GSM/mk_atcmdlist.o
UART_TxHead         0x1               ./MK_USART/mkuart.o
Lattitude           0x2               ./MK_GSM/mk_atcmdlist.o
ascii_line          0x1               ./MK_USART/mkuart.o
i                   0x2               ./main.o
STATE               0x2               ./MK_GSM/mk_atcmdlist.o
UART_TxTail         0x1               ./MK_USART/mkuart.o
atprocess           0x7               ./MK_GSM/mk_gsm.o
GPS_READY           0x2               ./MK_GSM/mk_atcmdlist.o
EW                  0x2               ./MK_GSM/mk_atcmdlist.o
Longitude           0x2               ./MK_GSM/mk_atcmdlist.o
buf                 0x100             ./main.o
bat                 0x2               ./main.o
NS                  0x2               ./MK_GSM/mk_atcmdlist.o
UART_TxBuf          0x2               ./MK_USART/mkuart.o
UART_RxHead         0x1               ./MK_USART/mkuart.o
UART_RxTail         0x1               ./MK_USART/mkuart.o
gpsprocess          0x2               ./MK_GSM/mk_gsm.o
UART_RxBuf          0x100             ./MK_USART/mkuart.o

Memory Configuration

Name             Origin             Length             Attributes
text             0x00000000         0x00002000         xr
data             0x00800060         0x0000ffa0         rw !x
eeprom           0x00810000         0x00010000         rw !x
fuse             0x00820000         0x00000400         rw !x
lock             0x00830000         0x00000400         rw !x
signature        0x00840000         0x00000400         rw !x
user_signatures  0x00850000         0x00000400         rw !x
*default*        0x00000000         0xffffffff

Linker script and memory map

LOAD c:/program files (x86)/atmel/avr tools/avr toolchain/bin/../lib/gcc/avr/4.8.1/../../../../avr/lib/avr4/crtm8.o
LOAD ./MK_USART/mkuart.o
LOAD ./MK_GSM/mk_atcmdlist.o
LOAD ./MK_GSM/mk_gsm.o
LOAD ./common.o
LOAD ./main.o
LOAD ./soft_timers.o
START GROUP
LOAD c:/program files (x86)/atmel/avr tools/avr toolchain/bin/../lib/gcc/avr/4.8.1/avr4\libgcc.a
LOAD c:/program files (x86)/atmel/avr tools/avr toolchain/bin/../lib/gcc/avr/4.8.1/../../../../avr/lib/avr4\libm.a
LOAD c:/program files (x86)/atmel/avr tools/avr toolchain/bin/../lib/gcc/avr/4.8.1/../../../../avr/lib/avr4\libc.a
END GROUP

.hash
 *(.hash)

.dynsym
 *(.dynsym)

.dynstr
 *(.dynstr)

.gnu.version
 *(.gnu.version)

.gnu.version_d
 *(.gnu.version_d)

.gnu.version_r
 *(.gnu.version_r)

.rel.init
 *(.rel.init)

.rela.init
 *(.rela.init)

.rel.text
 *(.rel.text)
 *(.rel.text.*)
 *(.rel.gnu.linkonce.t*)

.rela.text
 *(.rela.text)
 *(.rela.text.*)
 *(.rela.gnu.linkonce.t*)

.rel.fini
 *(.rel.fini)

.rela.fini
 *(.rela.fini)

.rel.rodata
 *(.rel.rodata)
 *(.rel.rodata.*)
 *(.rel.gnu.linkonce.r*)

.rela.rodata
 *(.rela.rodata)
 *(.rela.rodata.*)
 *(.rela.gnu.linkonce.r*)

.rel.data
 *(.rel.data)
 *(.rel.data.*)
 *(.rel.gnu.linkonce.d*)

.rela.data
 *(.rela.data)
 *(.rela.data.*)
 *(.rela.gnu.linkonce.d*)

.rel.ctors
 *(.rel.ctors)

.rela.ctors
 *(.rela.ctors)

.rel.dtors
 *(.rel.dtors)

.rela.dtors
 *(.rela.dtors)

.rel.got
 *(.rel.got)

.rela.got
 *(.rela.got)

.rel.bss
 *(.rel.bss)

.rela.bss
 *(.rela.bss)

.rel.plt
 *(.rel.plt)

.rela.plt
 *(.rela.plt)

.text           0x00000000      0xaf0
 *(.vectors)
 .vectors       0x00000000       0x26 c:/program files (x86)/atmel/avr tools/avr toolchain/bin/../lib/gcc/avr/4.8.1/../../../../avr/lib/avr4/crtm8.o
                0x00000000                __vector_default
                0x00000000                __vectors
 *(.vectors)
 *(.progmem.gcc*)
                0x00000026                . = ALIGN (0x2)
                0x00000026                __trampolines_start = .
 *(.trampolines)
 .trampolines   0x00000026        0x0 linker stubs
 *(.trampolines*)
                0x00000026                __trampolines_end = .
 *(.progmem*)
 .progmem.data.atlist
                0x00000026       0x28 ./MK_GSM/mk_atcmdlist.o
                0x00000026                atlist
 .progmem.data.enter
                0x0000004e        0x3 ./MK_GSM/mk_atcmdlist.o
                0x0000004e                enter
 .progmem.data.gpsrd
                0x00000051        0x7 ./MK_GSM/mk_atcmdlist.o
                0x00000051                gpsrd
 .progmem.data.host
                0x00000058       0x16 ./MK_GSM/mk_atcmdlist.o
                0x00000058                host
 .progmem.data.http
                0x0000006e        0xa ./MK_GSM/mk_atcmdlist.o
                0x0000006e                http
 .progmem.data.get_bat
                0x00000078        0x9 ./MK_GSM/mk_atcmdlist.o
                0x00000078                get_bat
 .progmem.data.get_long
                0x00000081        0xa ./MK_GSM/mk_atcmdlist.o
                0x00000081                get_long
 .progmem.data.get_lat
                0x0000008b        0xa ./MK_GSM/mk_atcmdlist.o
                0x0000008b                get_lat
 .progmem.data.get_token
                0x00000095       0x1b ./MK_GSM/mk_atcmdlist.o
                0x00000095                get_token
 .progmem.data.cipsend
                0x000000b0        0x9 ./MK_GSM/mk_atcmdlist.o
                0x000000b0                cipsend
 .progmem.data.cipstart
                0x000000b9       0x25 ./MK_GSM/mk_atcmdlist.o
                0x000000b9                cipstart
 .progmem.data.cstt
                0x000000de       0x35 ./MK_GSM/mk_atcmdlist.o
                0x000000de                cstt
 .progmem.data.cgdcont
                0x00000113       0x27 ./MK_GSM/mk_atcmdlist.o
                0x00000113                cgdcont
 .progmem.data.cgact
                0x0000013a        0xb ./MK_GSM/mk_atcmdlist.o
                0x0000013a                cgact
 .progmem.data.cgatt
                0x00000145        0x9 ./MK_GSM/mk_atcmdlist.o
                0x00000145                cgatt
 .progmem.data.cmgf
                0x0000014e        0x8 ./MK_GSM/mk_atcmdlist.o
                0x0000014e                cmgf
 .progmem.data.cmgs
                0x00000156        0x6 ./MK_GSM/mk_atcmdlist.o
                0x00000156                cmgs
 .progmem.data.creg
                0x0000015c        0x6 ./MK_GSM/mk_atcmdlist.o
                0x0000015c                creg
 .progmem.data.gps
                0x00000162        0x9 ./MK_GSM/mk_atcmdlist.o
                0x00000162                gps
 .progmem.data.ate
                0x0000016b        0x3 ./MK_GSM/mk_atcmdlist.o
                0x0000016b                ate
 .progmem.data.at_
                0x0000016e        0x3 ./MK_GSM/mk_atcmdlist.o
                0x0000016e                at_
 .progmem.data.__c.2398
                0x00000171        0x2 ./main.o
 .progmem.data.__c.2396
                0x00000173        0x2 ./main.o
 .progmem.data.__c.2394
                0x00000175        0x2 ./main.o
 .progmem.data.__c.2356
                0x00000177        0x7 ./main.o
 .progmem.data.__c.2354
                0x0000017e        0x6 ./main.o
 .progmem.data.__c.2352
                0x00000184        0x6 ./main.o
 .progmem.data.__c.2350
                0x0000018a        0x3 ./main.o
                0x0000018e                . = ALIGN (0x2)
 *fill*         0x0000018d        0x1 
 *(.jumptables)
 *(.jumptables*)
 *(.lowtext)
 *(.lowtext*)
                0x0000018e                __ctors_start = .
 *(.ctors)
                0x0000018e                __ctors_end = .
                0x0000018e                __dtors_start = .
 *(.dtors)
                0x0000018e                __dtors_end = .
 SORT(*)(.ctors)
 SORT(*)(.dtors)
 *(.init0)
 .init0         0x0000018e        0x0 c:/program files (x86)/atmel/avr tools/avr toolchain/bin/../lib/gcc/avr/4.8.1/../../../../avr/lib/avr4/crtm8.o
                0x0000018e                __init
 *(.init0)
 *(.init1)
 *(.init1)
 *(.init2)
 .init2         0x0000018e        0xc c:/program files (x86)/atmel/avr tools/avr toolchain/bin/../lib/gcc/avr/4.8.1/../../../../avr/lib/avr4/crtm8.o
 *(.init2)
 *(.init3)
 *(.init3)
 *(.init4)
 .init4         0x0000019a       0x16 c:/program files (x86)/atmel/avr tools/avr toolchain/bin/../lib/gcc/avr/4.8.1/avr4\libgcc.a(_copy_data.o)
                0x0000019a                __do_copy_data
 .init4         0x000001b0       0x10 c:/program files (x86)/atmel/avr tools/avr toolchain/bin/../lib/gcc/avr/4.8.1/avr4\libgcc.a(_clear_bss.o)
                0x000001b0                __do_clear_bss
 *(.init4)
 *(.init5)
 *(.init5)
 *(.init6)
 *(.init6)
 *(.init7)
 *(.init7)
 *(.init8)
 *(.init8)
 *(.init9)
 .init9         0x000001c0        0x4 c:/program files (x86)/atmel/avr tools/avr toolchain/bin/../lib/gcc/avr/4.8.1/../../../../avr/lib/avr4/crtm8.o
 *(.init9)
 *(.text)
 .text          0x000001c4        0x2 c:/program files (x86)/atmel/avr tools/avr toolchain/bin/../lib/gcc/avr/4.8.1/../../../../avr/lib/avr4/crtm8.o
                0x000001c4                __vector_1
                0x000001c4                __bad_interrupt
                0x000001c4                __vector_6
                0x000001c4                __vector_13
                0x000001c4                __vector_17
                0x000001c4                __vector_7
                0x000001c4                __vector_5
                0x000001c4                __vector_4
                0x000001c4                __vector_9
                0x000001c4                __vector_2
                0x000001c4                __vector_15
                0x000001c4                __vector_8
                0x000001c4                __vector_14
                0x000001c4                __vector_10
                0x000001c4                __vector_16
                0x000001c4                __vector_18
 .text          0x000001c6        0x0 ./MK_USART/mkuart.o
 .text          0x000001c6        0x0 ./MK_GSM/mk_atcmdlist.o
 .text          0x000001c6        0x0 ./MK_GSM/mk_gsm.o
 .text          0x000001c6        0x0 ./common.o
 .text          0x000001c6        0x0 ./main.o
 .text          0x000001c6        0x0 ./soft_timers.o
 .text          0x000001c6        0x0 c:/program files (x86)/atmel/avr tools/avr toolchain/bin/../lib/gcc/avr/4.8.1/avr4\libgcc.a(_udivmodhi4.o)
 .text          0x000001c6        0x0 c:/program files (x86)/atmel/avr tools/avr toolchain/bin/../lib/gcc/avr/4.8.1/avr4\libgcc.a(_exit.o)
 .text          0x000001c6        0x0 c:/program files (x86)/atmel/avr tools/avr toolchain/bin/../lib/gcc/avr/4.8.1/avr4\libgcc.a(_copy_data.o)
 .text          0x000001c6        0x0 c:/program files (x86)/atmel/avr tools/avr toolchain/bin/../lib/gcc/avr/4.8.1/avr4\libgcc.a(_clear_bss.o)
 .text          0x000001c6        0x0 c:/program files (x86)/atmel/avr tools/avr toolchain/bin/../lib/gcc/avr/4.8.1/../../../../avr/lib/avr4\libc.a(strcmp_P.o)
 .text          0x000001c6        0x0 c:/program files (x86)/atmel/avr tools/avr toolchain/bin/../lib/gcc/avr/4.8.1/../../../../avr/lib/avr4\libc.a(strtok.o)
 .text          0x000001c6        0x0 c:/program files (x86)/atmel/avr tools/avr toolchain/bin/../lib/gcc/avr/4.8.1/../../../../avr/lib/avr4\libc.a(strcmp.o)
 .text          0x000001c6        0x0 c:/program files (x86)/atmel/avr tools/avr toolchain/bin/../lib/gcc/avr/4.8.1/../../../../avr/lib/avr4\libc.a(strstr.o)
 .text          0x000001c6        0x0 c:/program files (x86)/atmel/avr tools/avr toolchain/bin/../lib/gcc/avr/4.8.1/../../../../avr/lib/avr4\libc.a(strtok_r.o)
 .text          0x000001c6        0x0 c:/program files (x86)/atmel/avr tools/avr toolchain/bin/../lib/gcc/avr/4.8.1/../../../../avr/lib/avr4\libc.a(itoa.o)
 .text          0x000001c6        0x0 c:/program files (x86)/atmel/avr tools/avr toolchain/bin/../lib/gcc/avr/4.8.1/../../../../avr/lib/avr4\libc.a(itoa_ncheck.o)
 .text          0x000001c6        0x0 c:/program files (x86)/atmel/avr tools/avr toolchain/bin/../lib/gcc/avr/4.8.1/../../../../avr/lib/avr4\libc.a(utoa_ncheck.o)
 .text          0x000001c6        0x0 c:/program files (x86)/atmel/avr tools/avr toolchain/bin/../lib/gcc/avr/4.8.1/../../../../avr/lib/avr4\libc.a(strrev.o)
                0x000001c6                . = ALIGN (0x2)
 *(.text.*)
 .text.register_uart_str_rx_event_callback
                0x000001c6        0xa ./MK_USART/mkuart.o
                0x000001c6                register_uart_str_rx_event_callback
 .text.register_uart_str_rx_event_callback0
                0x000001d0        0xa ./MK_USART/mkuart.o
                0x000001d0                register_uart_str_rx_event_callback0
 .text.USART_Init
                0x000001da       0x14 ./MK_USART/mkuart.o
                0x000001da                USART_Init
 .text.uart_putc
                0x000001ee       0x28 ./MK_USART/mkuart.o
                0x000001ee                uart_putc
 .text.uart_puts
                0x00000216       0x16 ./MK_USART/mkuart.o
                0x00000216                uart_puts
 .text.uart_puts_P
                0x0000022c       0x1c ./MK_USART/mkuart.o
                0x0000022c                uart_puts_P
 .text.uart_putint
                0x00000248       0x36 ./MK_USART/mkuart.o
                0x00000248                uart_putint
 .text.__vector_12
                0x0000027e       0x4e ./MK_USART/mkuart.o
                0x0000027e                __vector_12
 .text.uart_getc
                0x000002cc       0x32 ./MK_USART/mkuart.o
                0x000002cc                uart_getc
 .text.uart_get_str
                0x000002fe       0x42 ./MK_USART/mkuart.o
                0x000002fe                uart_get_str
 .text.UART_RX_STR_EVENT
                0x00000340       0x72 ./MK_USART/mkuart.o
                0x00000340                UART_RX_STR_EVENT
 .text.uart_wait_char
                0x000003b2       0x30 ./MK_USART/mkuart.o
                0x000003b2                uart_wait_char
 .text.__vector_11
                0x000003e2       0x62 ./MK_USART/mkuart.o
                0x000003e2                __vector_11
 .text.send_at  0x00000444       0x82 ./MK_GSM/mk_gsm.o
                0x00000444                send_at
 .text.wait_for_at_process_end
                0x000004c6       0x10 ./MK_GSM/mk_gsm.o
                0x000004c6                wait_for_at_process_end
 .text.adc_init
                0x000004d6        0x8 ./common.o
                0x000004d6                adc_init
 .text.adc_read
                0x000004de        0xc ./common.o
                0x000004de                adc_read
 .text.MAIN_EVENTS
                0x000004ea       0x10 ./common.o
                0x000004ea                MAIN_EVENTS
 .text.mDelay   0x000004fa       0x14 ./common.o
                0x000004fa                mDelay
 .text.tmr_at_process
                0x0000050e       0x4c ./main.o
                0x0000050e                tmr_at_process
 .text.parse_rs232
                0x0000055a       0x6c ./main.o
                0x0000055a                parse_rs232
 .text.gsm_soft_start
                0x000005c6       0x2a ./main.o
                0x000005c6                gsm_soft_start
 .text.POST     0x000005f0      0x1de ./main.o
                0x000005f0                POST
 .text.startup.main
                0x000007ce       0x34 ./main.o
                0x000007ce                main
 .text.timers_process
                0x00000802       0x3e ./soft_timers.o
 .text.soft_timers_init
                0x00000840       0x18 ./soft_timers.o
                0x00000840                soft_timers_init
 .text.__vector_3
                0x00000858       0x5e ./soft_timers.o
                0x00000858                __vector_3
 .text.timer_init
                0x000008b6       0x24 ./soft_timers.o
                0x000008b6                timer_init
 .text.timer_enable
                0x000008da       0x26 ./soft_timers.o
                0x000008da                timer_enable
 .text.timer_isenabled
                0x00000900       0x10 ./soft_timers.o
                0x00000900                timer_isenabled
 .text.timer_disable
                0x00000910       0x10 ./soft_timers.o
                0x00000910                timer_disable
 .text.timer_interval
                0x00000920       0x24 ./soft_timers.o
                0x00000920                timer_interval
 .text.TIMERS_EVENT
                0x00000944       0x58 ./soft_timers.o
                0x00000944                TIMERS_EVENT
 .text.libgcc.mul
                0x0000099c        0x0 c:/program files (x86)/atmel/avr tools/avr toolchain/bin/../lib/gcc/avr/4.8.1/avr4\libgcc.a(_udivmodhi4.o)
 .text.libgcc.div
                0x0000099c       0x28 c:/program files (x86)/atmel/avr tools/avr toolchain/bin/../lib/gcc/avr/4.8.1/avr4\libgcc.a(_udivmodhi4.o)
                0x0000099c                __udivmodhi4
 .text.libgcc   0x000009c4        0x0 c:/program files (x86)/atmel/avr tools/avr toolchain/bin/../lib/gcc/avr/4.8.1/avr4\libgcc.a(_udivmodhi4.o)
 .text.libgcc.prologue
                0x000009c4        0x0 c:/program files (x86)/atmel/avr tools/avr toolchain/bin/../lib/gcc/avr/4.8.1/avr4\libgcc.a(_udivmodhi4.o)
 .text.libgcc.builtins
                0x000009c4        0x0 c:/program files (x86)/atmel/avr tools/avr toolchain/bin/../lib/gcc/avr/4.8.1/avr4\libgcc.a(_udivmodhi4.o)
 .text.libgcc.fmul
                0x000009c4        0x0 c:/program files (x86)/atmel/avr tools/avr toolchain/bin/../lib/gcc/avr/4.8.1/avr4\libgcc.a(_udivmodhi4.o)
 .text.libgcc.fixed
                0x000009c4        0x0 c:/program files (x86)/atmel/avr tools/avr toolchain/bin/../lib/gcc/avr/4.8.1/avr4\libgcc.a(_udivmodhi4.o)
 .text.libgcc.mul
                0x000009c4        0x0 c:/program files (x86)/atmel/avr tools/avr toolchain/bin/../lib/gcc/avr/4.8.1/avr4\libgcc.a(_exit.o)
 .text.libgcc.div
                0x000009c4        0x0 c:/program files (x86)/atmel/avr tools/avr toolchain/bin/../lib/gcc/avr/4.8.1/avr4\libgcc.a(_exit.o)
 .text.libgcc   0x000009c4        0x0 c:/program files (x86)/atmel/avr tools/avr toolchain/bin/../lib/gcc/avr/4.8.1/avr4\libgcc.a(_exit.o)
 .text.libgcc.prologue
                0x000009c4        0x0 c:/program files (x86)/atmel/avr tools/avr toolchain/bin/../lib/gcc/avr/4.8.1/avr4\libgcc.a(_exit.o)
 .text.libgcc.builtins
                0x000009c4        0x0 c:/program files (x86)/atmel/avr tools/avr toolchain/bin/../lib/gcc/avr/4.8.1/avr4\libgcc.a(_exit.o)
 .text.libgcc.fmul
                0x000009c4        0x0 c:/program files (x86)/atmel/avr tools/avr toolchain/bin/../lib/gcc/avr/4.8.1/avr4\libgcc.a(_exit.o)
 .text.libgcc.fixed
                0x000009c4        0x0 c:/program files (x86)/atmel/avr tools/avr toolchain/bin/../lib/gcc/avr/4.8.1/avr4\libgcc.a(_exit.o)
 .text.libgcc.mul
                0x000009c4        0x0 c:/program files (x86)/atmel/avr tools/avr toolchain/bin/../lib/gcc/avr/4.8.1/avr4\libgcc.a(_copy_data.o)
 .text.libgcc.div
                0x000009c4        0x0 c:/program files (x86)/atmel/avr tools/avr toolchain/bin/../lib/gcc/avr/4.8.1/avr4\libgcc.a(_copy_data.o)
 .text.libgcc   0x000009c4        0x0 c:/program files (x86)/atmel/avr tools/avr toolchain/bin/../lib/gcc/avr/4.8.1/avr4\libgcc.a(_copy_data.o)
 .text.libgcc.prologue
                0x000009c4        0x0 c:/program files (x86)/atmel/avr tools/avr toolchain/bin/../lib/gcc/avr/4.8.1/avr4\libgcc.a(_copy_data.o)
 .text.libgcc.builtins
                0x000009c4        0x0 c:/program files (x86)/atmel/avr tools/avr toolchain/bin/../lib/gcc/avr/4.8.1/avr4\libgcc.a(_copy_data.o)
 .text.libgcc.fmul
                0x000009c4        0x0 c:/program files (x86)/atmel/avr tools/avr toolchain/bin/../lib/gcc/avr/4.8.1/avr4\libgcc.a(_copy_data.o)
 .text.libgcc.fixed
                0x000009c4        0x0 c:/program files (x86)/atmel/avr tools/avr toolchain/bin/../lib/gcc/avr/4.8.1/avr4\libgcc.a(_copy_data.o)
 .text.libgcc.mul
                0x000009c4        0x0 c:/program files (x86)/atmel/avr tools/avr toolchain/bin/../lib/gcc/avr/4.8.1/avr4\libgcc.a(_clear_bss.o)
 .text.libgcc.div
                0x000009c4        0x0 c:/program files (x86)/atmel/avr tools/avr toolchain/bin/../lib/gcc/avr/4.8.1/avr4\libgcc.a(_clear_bss.o)
 .text.libgcc   0x000009c4        0x0 c:/program files (x86)/atmel/avr tools/avr toolchain/bin/../lib/gcc/avr/4.8.1/avr4\libgcc.a(_clear_bss.o)
 .text.libgcc.prologue
                0x000009c4        0x0 c:/program files (x86)/atmel/avr tools/avr toolchain/bin/../lib/gcc/avr/4.8.1/avr4\libgcc.a(_clear_bss.o)
 .text.libgcc.builtins
                0x000009c4        0x0 c:/program files (x86)/atmel/avr tools/avr toolchain/bin/../lib/gcc/avr/4.8.1/avr4\libgcc.a(_clear_bss.o)
 .text.libgcc.fmul
                0x000009c4        0x0 c:/program files (x86)/atmel/avr tools/avr toolchain/bin/../lib/gcc/avr/4.8.1/avr4\libgcc.a(_clear_bss.o)
 .text.libgcc.fixed
                0x000009c4        0x0 c:/program files (x86)/atmel/avr tools/avr toolchain/bin/../lib/gcc/avr/4.8.1/avr4\libgcc.a(_clear_bss.o)
 .text.avr-libc
                0x000009c4       0x12 c:/program files (x86)/atmel/avr tools/avr toolchain/bin/../lib/gcc/avr/4.8.1/../../../../avr/lib/avr4\libc.a(strcmp_P.o)
                0x000009c4                strcmp_P
 .text.avr-libc
                0x000009d6        0x8 c:/program files (x86)/atmel/avr tools/avr toolchain/bin/../lib/gcc/avr/4.8.1/../../../../avr/lib/avr4\libc.a(strtok.o)
                0x000009d6                strtok
 .text.avr-libc
                0x000009de       0x12 c:/program files (x86)/atmel/avr tools/avr toolchain/bin/../lib/gcc/avr/4.8.1/../../../../avr/lib/avr4\libc.a(strcmp.o)
                0x000009de                strcmp
 .text.avr-libc
                0x000009f0       0x34 c:/program files (x86)/atmel/avr tools/avr toolchain/bin/../lib/gcc/avr/4.8.1/../../../../avr/lib/avr4\libc.a(strstr.o)
                0x000009f0                strstr
 .text.avr-libc
                0x00000a24       0x4e c:/program files (x86)/atmel/avr tools/avr toolchain/bin/../lib/gcc/avr/4.8.1/../../../../avr/lib/avr4\libc.a(strtok_r.o)
                0x00000a24                strtok_r
 .text.avr-libc
                0x00000a72       0x14 c:/program files (x86)/atmel/avr tools/avr toolchain/bin/../lib/gcc/avr/4.8.1/../../../../avr/lib/avr4\libc.a(itoa.o)
                0x00000a72                __itoa
                0x00000a72                itoa
 .text.avr-libc
                0x00000a86       0x14 c:/program files (x86)/atmel/avr tools/avr toolchain/bin/../lib/gcc/avr/4.8.1/../../../../avr/lib/avr4\libc.a(itoa_ncheck.o)
                0x00000a86                __itoa_ncheck
 .text.avr-libc
                0x00000a9a       0x32 c:/program files (x86)/atmel/avr tools/avr toolchain/bin/../lib/gcc/avr/4.8.1/../../../../avr/lib/avr4\libc.a(utoa_ncheck.o)
                0x00000a9a                __utoa_ncheck
                0x00000a9c                __utoa_common
 .text.avr-libc
                0x00000acc       0x20 c:/program files (x86)/atmel/avr tools/avr toolchain/bin/../lib/gcc/avr/4.8.1/../../../../avr/lib/avr4\libc.a(strrev.o)
                0x00000acc                strrev
                0x00000aec                . = ALIGN (0x2)
 *(.fini9)
 .fini9         0x00000aec        0x0 c:/program files (x86)/atmel/avr tools/avr toolchain/bin/../lib/gcc/avr/4.8.1/avr4\libgcc.a(_exit.o)
                0x00000aec                _exit
                0x00000aec                exit
 *(.fini9)
 *(.fini8)
 *(.fini8)
 *(.fini7)
 *(.fini7)
 *(.fini6)
 *(.fini6)
 *(.fini5)
 *(.fini5)
 *(.fini4)
 *(.fini4)
 *(.fini3)
 *(.fini3)
 *(.fini2)
 *(.fini2)
 *(.fini1)
 *(.fini1)
 *(.fini0)
 .fini0         0x00000aec        0x4 c:/program files (x86)/atmel/avr tools/avr toolchain/bin/../lib/gcc/avr/4.8.1/avr4\libgcc.a(_exit.o)
 *(.fini0)
                0x00000af0                _etext = .

.data           0x00800060       0x34 load address 0x00000af0
                0x00800060                PROVIDE (__data_start, .)
 *(.data)
 .data          0x00800060        0x0 c:/program files (x86)/atmel/avr tools/avr toolchain/bin/../lib/gcc/avr/4.8.1/../../../../avr/lib/avr4/crtm8.o
 .data          0x00800060        0x0 ./MK_USART/mkuart.o
 .data          0x00800060        0x0 ./MK_GSM/mk_atcmdlist.o
 .data          0x00800060        0x0 ./MK_GSM/mk_gsm.o
 .data          0x00800060        0x0 ./common.o
 .data          0x00800060        0x0 ./main.o
 .data          0x00800060        0x0 ./soft_timers.o
 .data          0x00800060        0x0 c:/program files (x86)/atmel/avr tools/avr toolchain/bin/../lib/gcc/avr/4.8.1/avr4\libgcc.a(_udivmodhi4.o)
 .data          0x00800060        0x0 c:/program files (x86)/atmel/avr tools/avr toolchain/bin/../lib/gcc/avr/4.8.1/avr4\libgcc.a(_exit.o)
 .data          0x00800060        0x0 c:/program files (x86)/atmel/avr tools/avr toolchain/bin/../lib/gcc/avr/4.8.1/avr4\libgcc.a(_copy_data.o)
 .data          0x00800060        0x0 c:/program files (x86)/atmel/avr tools/avr toolchain/bin/../lib/gcc/avr/4.8.1/avr4\libgcc.a(_clear_bss.o)
 .data          0x00800060        0x0 c:/program files (x86)/atmel/avr tools/avr toolchain/bin/../lib/gcc/avr/4.8.1/../../../../avr/lib/avr4\libc.a(strcmp_P.o)
 .data          0x00800060        0x0 c:/program files (x86)/atmel/avr tools/avr toolchain/bin/../lib/gcc/avr/4.8.1/../../../../avr/lib/avr4\libc.a(strtok.o)
 .data          0x00800060        0x0 c:/program files (x86)/atmel/avr tools/avr toolchain/bin/../lib/gcc/avr/4.8.1/../../../../avr/lib/avr4\libc.a(strcmp.o)
 .data          0x00800060        0x0 c:/program files (x86)/atmel/avr tools/avr toolchain/bin/../lib/gcc/avr/4.8.1/../../../../avr/lib/avr4\libc.a(strstr.o)
 .data          0x00800060        0x0 c:/program files (x86)/atmel/avr tools/avr toolchain/bin/../lib/gcc/avr/4.8.1/../../../../avr/lib/avr4\libc.a(strtok_r.o)
 .data          0x00800060        0x0 c:/program files (x86)/atmel/avr tools/avr toolchain/bin/../lib/gcc/avr/4.8.1/../../../../avr/lib/avr4\libc.a(itoa.o)
 .data          0x00800060        0x0 c:/program files (x86)/atmel/avr tools/avr toolchain/bin/../lib/gcc/avr/4.8.1/../../../../avr/lib/avr4\libc.a(itoa_ncheck.o)
 .data          0x00800060        0x0 c:/program files (x86)/atmel/avr tools/avr toolchain/bin/../lib/gcc/avr/4.8.1/../../../../avr/lib/avr4\libc.a(utoa_ncheck.o)
 .data          0x00800060        0x0 c:/program files (x86)/atmel/avr tools/avr toolchain/bin/../lib/gcc/avr/4.8.1/../../../../avr/lib/avr4\libc.a(strrev.o)
 *(.data*)
 *(.rodata)
 *(.rodata*)
 .rodata.str1.1
                0x00800060       0x34 ./main.o
 *(.gnu.linkonce.d*)
                0x00800094                . = ALIGN (0x2)
                0x00800094                _edata = .
                0x00800094                PROVIDE (__data_end, .)

.bss            0x00800094      0x23f
                0x00800094                PROVIDE (__bss_start, .)
 *(.bss)
 .bss           0x00800094        0x0 c:/program files (x86)/atmel/avr tools/avr toolchain/bin/../lib/gcc/avr/4.8.1/../../../../avr/lib/avr4/crtm8.o
 .bss           0x00800094        0x0 ./MK_USART/mkuart.o
 .bss           0x00800094        0x0 ./MK_GSM/mk_atcmdlist.o
 .bss           0x00800094        0x0 ./MK_GSM/mk_gsm.o
 .bss           0x00800094        0x0 ./common.o
 .bss           0x00800094        0x0 ./main.o
 .bss           0x00800094        0x0 ./soft_timers.o
 .bss           0x00800094        0x0 c:/program files (x86)/atmel/avr tools/avr toolchain/bin/../lib/gcc/avr/4.8.1/avr4\libgcc.a(_udivmodhi4.o)
 .bss           0x00800094        0x0 c:/program files (x86)/atmel/avr tools/avr toolchain/bin/../lib/gcc/avr/4.8.1/avr4\libgcc.a(_exit.o)
 .bss           0x00800094        0x0 c:/program files (x86)/atmel/avr tools/avr toolchain/bin/../lib/gcc/avr/4.8.1/avr4\libgcc.a(_copy_data.o)
 .bss           0x00800094        0x0 c:/program files (x86)/atmel/avr tools/avr toolchain/bin/../lib/gcc/avr/4.8.1/avr4\libgcc.a(_clear_bss.o)
 .bss           0x00800094        0x0 c:/program files (x86)/atmel/avr tools/avr toolchain/bin/../lib/gcc/avr/4.8.1/../../../../avr/lib/avr4\libc.a(strcmp_P.o)
 .bss           0x00800094        0x2 c:/program files (x86)/atmel/avr tools/avr toolchain/bin/../lib/gcc/avr/4.8.1/../../../../avr/lib/avr4\libc.a(strtok.o)
 .bss           0x00800096        0x0 c:/program files (x86)/atmel/avr tools/avr toolchain/bin/../lib/gcc/avr/4.8.1/../../../../avr/lib/avr4\libc.a(strcmp.o)
 .bss           0x00800096        0x0 c:/program files (x86)/atmel/avr tools/avr toolchain/bin/../lib/gcc/avr/4.8.1/../../../../avr/lib/avr4\libc.a(strstr.o)
 .bss           0x00800096        0x0 c:/program files (x86)/atmel/avr tools/avr toolchain/bin/../lib/gcc/avr/4.8.1/../../../../avr/lib/avr4\libc.a(strtok_r.o)
 .bss           0x00800096        0x0 c:/program files (x86)/atmel/avr tools/avr toolchain/bin/../lib/gcc/avr/4.8.1/../../../../avr/lib/avr4\libc.a(itoa.o)
 .bss           0x00800096        0x0 c:/program files (x86)/atmel/avr tools/avr toolchain/bin/../lib/gcc/avr/4.8.1/../../../../avr/lib/avr4\libc.a(itoa_ncheck.o)
 .bss           0x00800096        0x0 c:/program files (x86)/atmel/avr tools/avr toolchain/bin/../lib/gcc/avr/4.8.1/../../../../avr/lib/avr4\libc.a(utoa_ncheck.o)
 .bss           0x00800096        0x0 c:/program files (x86)/atmel/avr tools/avr toolchain/bin/../lib/gcc/avr/4.8.1/../../../../avr/lib/avr4\libc.a(strrev.o)
 *(.bss*)
 .bss.uart_rx_str_event_callback0
                0x00800096        0x2 ./MK_USART/mkuart.o
 .bss.uart_rx_str_event_callback
                0x00800098        0x2 ./MK_USART/mkuart.o
 *(COMMON)
 COMMON         0x0080009a      0x107 ./MK_USART/mkuart.o
                0x0080009a                UART_TxHead
                0x0080009b                ascii_line
                0x0080009c                UART_TxTail
                0x0080009d                UART_TxBuf
                0x0080009f                UART_RxHead
                0x008000a0                UART_RxTail
                0x008000a1                UART_RxBuf
 COMMON         0x008001a1       0x10 ./MK_GSM/mk_atcmdlist.o
                0x008001a1                BATTERY
                0x008001a3                TOKEN
                0x008001a5                Lattitude
                0x008001a7                STATE
                0x008001a9                GPS_READY
                0x008001ab                EW
                0x008001ad                Longitude
                0x008001af                NS
 COMMON         0x008001b1        0x9 ./MK_GSM/mk_gsm.o
                0x008001b1                atprocess
                0x008001b8                gpsprocess
 COMMON         0x008001ba      0x104 ./main.o
                0x008001ba                i
                0x008001bc                buf
                0x008002bc                bat
 COMMON         0x008002be       0x15 ./soft_timers.o
                0x008002be                stimers
                0x008002d3                PROVIDE (__bss_end, .)
                0x00000af0                __data_load_start = LOADADDR (.data)
                0x00000b24                __data_load_end = (__data_load_start + SIZEOF (.data))

.noinit         0x008002d3        0x0
                0x008002d3                PROVIDE (__noinit_start, .)
 *(.noinit*)
                0x008002d3                PROVIDE (__noinit_end, .)
                0x008002d3                _end = .
                0x008002d3                PROVIDE (__heap_start, .)

.eeprom         0x00810000        0x0
 *(.eeprom*)
                0x00810000                __eeprom_end = .

.fuse
 *(.fuse)
 *(.lfuse)
 *(.hfuse)
 *(.efuse)

.lock
 *(.lock*)

.signature
 *(.signature*)

.user_signatures
 *(.user_signatures*)

.stab
 *(.stab)

.stabstr
 *(.stabstr)

.stab.excl
 *(.stab.excl)

.stab.exclstr
 *(.stab.exclstr)

.stab.index
 *(.stab.index)

.stab.indexstr
 *(.stab.indexstr)

.comment        0x00000000       0x30
 *(.comment)
 .comment       0x00000000       0x30 ./MK_USART/mkuart.o
                                 0x31 (size before relaxing)
 .comment       0x00000000       0x31 ./MK_GSM/mk_atcmdlist.o
 .comment       0x00000000       0x31 ./MK_GSM/mk_gsm.o
 .comment       0x00000000       0x31 ./common.o
 .comment       0x00000000       0x31 ./main.o
 .comment       0x00000000       0x31 ./soft_timers.o
 .comment       0x00000000       0x31 c:/program files (x86)/atmel/avr tools/avr toolchain/bin/../lib/gcc/avr/4.8.1/../../../../avr/lib/avr4\libc.a(strtok.o)

.note.gnu.build-id
 *(.note.gnu.build-id)

.debug
 *(.debug)

.line
 *(.line)

.debug_srcinfo
 *(.debug_srcinfo)

.debug_sfnames
 *(.debug_sfnames)

.debug_aranges
 *(.debug_aranges)

.debug_pubnames
 *(.debug_pubnames)

.debug_info
 *(.debug_info .gnu.linkonce.wi.*)

.debug_abbrev
 *(.debug_abbrev)

.debug_line
 *(.debug_line .debug_line.* .debug_line_end)

.debug_frame
 *(.debug_frame)

.debug_str
 *(.debug_str)

.debug_loc
 *(.debug_loc)

.debug_macinfo
 *(.debug_macinfo)

.debug_weaknames
 *(.debug_weaknames)

.debug_funcnames
 *(.debug_funcnames)

.debug_typenames
 *(.debug_typenames)

.debug_varnames
 *(.debug_varnames)

.debug_pubtypes
 *(.debug_pubtypes)

.debug_ranges
 *(.debug_ranges)

.debug_macro
 *(.debug_macro)
OUTPUT(MKGSM.elf elf32-avr)
LOAD linker stubs
