Archive member included because of file (symbol)

c:/program files (x86)/atmel/avr tools/avr toolchain/bin/../lib/gcc/avr/4.8.1/avr4\libgcc.a(_udivmodhi4.o)
                              ./MK_GSM/mk_gsm.o (__udivmodhi4)
c:/program files (x86)/atmel/avr tools/avr toolchain/bin/../lib/gcc/avr/4.8.1/avr4\libgcc.a(_exit.o)
                              c:/program files (x86)/atmel/avr tools/avr toolchain/bin/../lib/gcc/avr/4.8.1/../../../../avr/lib/avr4/crtm8a.o (exit)
c:/program files (x86)/atmel/avr tools/avr toolchain/bin/../lib/gcc/avr/4.8.1/avr4\libgcc.a(_copy_data.o)
                              ./main.o (__do_copy_data)
c:/program files (x86)/atmel/avr tools/avr toolchain/bin/../lib/gcc/avr/4.8.1/avr4\libgcc.a(_clear_bss.o)
                              ./MK_USART/mkuart.o (__do_clear_bss)
c:/program files (x86)/atmel/avr tools/avr toolchain/bin/../lib/gcc/avr/4.8.1/../../../../avr/lib/avr4\libc.a(strcmp_P.o)
                              ./main.o (strcmp_P)
c:/program files (x86)/atmel/avr tools/avr toolchain/bin/../lib/gcc/avr/4.8.1/../../../../avr/lib/avr4\libc.a(strstr.o)
                              ./main.o (strstr)
c:/program files (x86)/atmel/avr tools/avr toolchain/bin/../lib/gcc/avr/4.8.1/../../../../avr/lib/avr4\libc.a(itoa.o)
                              ./MK_USART/mkuart.o (__itoa)
c:/program files (x86)/atmel/avr tools/avr toolchain/bin/../lib/gcc/avr/4.8.1/../../../../avr/lib/avr4\libc.a(itoa_ncheck.o)
                              c:/program files (x86)/atmel/avr tools/avr toolchain/bin/../lib/gcc/avr/4.8.1/../../../../avr/lib/avr4\libc.a(itoa.o) (__itoa_ncheck)
c:/program files (x86)/atmel/avr tools/avr toolchain/bin/../lib/gcc/avr/4.8.1/../../../../avr/lib/avr4\libc.a(utoa_ncheck.o)
                              c:/program files (x86)/atmel/avr tools/avr toolchain/bin/../lib/gcc/avr/4.8.1/../../../../avr/lib/avr4\libc.a(itoa_ncheck.o) (__utoa_common)
c:/program files (x86)/atmel/avr tools/avr toolchain/bin/../lib/gcc/avr/4.8.1/../../../../avr/lib/avr4\libc.a(strrev.o)
                              c:/program files (x86)/atmel/avr tools/avr toolchain/bin/../lib/gcc/avr/4.8.1/../../../../avr/lib/avr4\libc.a(utoa_ncheck.o) (strrev)

Allocating common symbols
Common symbol       size              file

stimers             0x15              ./soft_timers.o
TOKEN               0x2               ./MK_GSM/mk_atcmdlist.o
UART_TxHead         0x1               ./MK_USART/mkuart.o
Lattitude           0x2               ./MK_GSM/mk_atcmdlist.o
ascii_line          0x1               ./MK_USART/mkuart.o
STATE               0x2               ./MK_GSM/mk_atcmdlist.o
UART_TxTail         0x1               ./MK_USART/mkuart.o
atprocess           0x7               ./MK_GSM/mk_gsm.o
GPS_READY           0x2               ./MK_GSM/mk_atcmdlist.o
EW                  0x2               ./MK_GSM/mk_atcmdlist.o
Longitude           0x2               ./MK_GSM/mk_atcmdlist.o
buf                 0x100             ./main.o
bat                 0x2               ./MK_GSM/mk_gsm.o
NS                  0x2               ./MK_GSM/mk_atcmdlist.o
UART_TxBuf          0x2               ./MK_USART/mkuart.o
res                 0x1               ./MK_GSM/mk_gsm.o
UART_RxHead         0x1               ./MK_USART/mkuart.o
UART_RxTail         0x1               ./MK_USART/mkuart.o
gpsprocess          0x2               ./MK_GSM/mk_gsm.o
UART_RxBuf          0x100             ./MK_USART/mkuart.o

Memory Configuration

Name             Origin             Length             Attributes
text             0x00000000         0x00002000         xr
data             0x00800060         0x0000ffa0         rw !x
eeprom           0x00810000         0x00010000         rw !x
fuse             0x00820000         0x00000400         rw !x
lock             0x00830000         0x00000400         rw !x
signature        0x00840000         0x00000400         rw !x
user_signatures  0x00850000         0x00000400         rw !x
*default*        0x00000000         0xffffffff

Linker script and memory map

LOAD c:/program files (x86)/atmel/avr tools/avr toolchain/bin/../lib/gcc/avr/4.8.1/../../../../avr/lib/avr4/crtm8a.o
LOAD ./MK_USART/mkuart.o
LOAD ./MK_GSM/mk_atcmdlist.o
LOAD ./MK_GSM/mk_gsm.o
LOAD ./common.o
LOAD ./main.o
LOAD ./soft_timers.o
START GROUP
LOAD c:/program files (x86)/atmel/avr tools/avr toolchain/bin/../lib/gcc/avr/4.8.1/avr4\libgcc.a
LOAD c:/program files (x86)/atmel/avr tools/avr toolchain/bin/../lib/gcc/avr/4.8.1/../../../../avr/lib/avr4\libm.a
LOAD c:/program files (x86)/atmel/avr tools/avr toolchain/bin/../lib/gcc/avr/4.8.1/../../../../avr/lib/avr4\libc.a
END GROUP

.hash
 *(.hash)

.dynsym
 *(.dynsym)

.dynstr
 *(.dynstr)

.gnu.version
 *(.gnu.version)

.gnu.version_d
 *(.gnu.version_d)

.gnu.version_r
 *(.gnu.version_r)

.rel.init
 *(.rel.init)

.rela.init
 *(.rela.init)

.rel.text
 *(.rel.text)
 *(.rel.text.*)
 *(.rel.gnu.linkonce.t*)

.rela.text
 *(.rela.text)
 *(.rela.text.*)
 *(.rela.gnu.linkonce.t*)

.rel.fini
 *(.rel.fini)

.rela.fini
 *(.rela.fini)

.rel.rodata
 *(.rel.rodata)
 *(.rel.rodata.*)
 *(.rel.gnu.linkonce.r*)

.rela.rodata
 *(.rela.rodata)
 *(.rela.rodata.*)
 *(.rela.gnu.linkonce.r*)

.rel.data
 *(.rel.data)
 *(.rel.data.*)
 *(.rel.gnu.linkonce.d*)

.rela.data
 *(.rela.data)
 *(.rela.data.*)
 *(.rela.gnu.linkonce.d*)

.rel.ctors
 *(.rel.ctors)

.rela.ctors
 *(.rela.ctors)

.rel.dtors
 *(.rel.dtors)

.rela.dtors
 *(.rela.dtors)

.rel.got
 *(.rel.got)

.rela.got
 *(.rela.got)

.rel.bss
 *(.rel.bss)

.rela.bss
 *(.rela.bss)

.rel.plt
 *(.rel.plt)

.rela.plt
 *(.rela.plt)

.text           0x00000000      0xd90
 *(.vectors)
 .vectors       0x00000000       0x26 c:/program files (x86)/atmel/avr tools/avr toolchain/bin/../lib/gcc/avr/4.8.1/../../../../avr/lib/avr4/crtm8a.o
                0x00000000                __vector_default
                0x00000000                __vectors
 *(.vectors)
 *(.progmem.gcc*)
                0x00000026                . = ALIGN (0x2)
                0x00000026                __trampolines_start = .
 *(.trampolines)
 .trampolines   0x00000026        0x0 linker stubs
 *(.trampolines*)
                0x00000026                __trampolines_end = .
 *(.progmem*)
 .progmem.data.atlist
                0x00000026       0x28 ./MK_GSM/mk_atcmdlist.o
                0x00000026                atlist
 .progmem.data.cipclose
                0x0000004e        0xa ./MK_GSM/mk_atcmdlist.o
                0x0000004e                cipclose
 .progmem.data.enter
                0x00000058        0x3 ./MK_GSM/mk_atcmdlist.o
                0x00000058                enter
 .progmem.data.gpsrd
                0x0000005b        0x9 ./MK_GSM/mk_atcmdlist.o
                0x0000005b                gpsrd
 .progmem.data.host
                0x00000064       0x18 ./MK_GSM/mk_atcmdlist.o
                0x00000064                host
 .progmem.data.http
                0x0000007c        0xa ./MK_GSM/mk_atcmdlist.o
                0x0000007c                http
 .progmem.data.get_slash
                0x00000086        0x2 ./MK_GSM/mk_atcmdlist.o
                0x00000086                get_slash
 .progmem.data.get_token
                0x00000088       0x12 ./MK_GSM/mk_atcmdlist.o
                0x00000088                get_token
 .progmem.data.cipsend
                0x0000009a        0x9 ./MK_GSM/mk_atcmdlist.o
                0x0000009a                cipsend
 .progmem.data.cipstart
                0x000000a3       0x27 ./MK_GSM/mk_atcmdlist.o
                0x000000a3                cipstart
 .progmem.data.qcgact
                0x000000ca       0x17 ./MK_GSM/mk_atcmdlist.o
                0x000000ca                qcgact
 .progmem.data.cstt
                0x000000e1       0x17 ./MK_GSM/mk_atcmdlist.o
                0x000000e1                cstt
 .progmem.data.ciicr
                0x000000f8        0x7 ./MK_GSM/mk_atcmdlist.o
                0x000000f8                ciicr
 .progmem.data.qcgatt
                0x000000ff        0xb ./MK_GSM/mk_atcmdlist.o
                0x000000ff                qcgatt
 .progmem.data.cgatt
                0x0000010a        0x9 ./MK_GSM/mk_atcmdlist.o
                0x0000010a                cgatt
 .progmem.data.cmgf
                0x00000113        0x8 ./MK_GSM/mk_atcmdlist.o
                0x00000113                cmgf
 .progmem.data.cmgs
                0x0000011b       0x12 ./MK_GSM/mk_atcmdlist.o
                0x0000011b                cmgs
 .progmem.data.creg
                0x0000012d        0x7 ./MK_GSM/mk_atcmdlist.o
                0x0000012d                creg
 .progmem.data.gps
                0x00000134        0xb ./MK_GSM/mk_atcmdlist.o
                0x00000134                gps
 .progmem.data.ate
                0x0000013f        0x3 ./MK_GSM/mk_atcmdlist.o
                0x0000013f                ate
 .progmem.data.at_
                0x00000142        0x3 ./MK_GSM/mk_atcmdlist.o
                0x00000142                at_
 .progmem.data.__c.2373
                0x00000145        0xb ./main.o
 .progmem.data.__c.2371
                0x00000150        0x6 ./main.o
 .progmem.data.__c.2369
                0x00000156        0x3 ./main.o
                0x0000015a                . = ALIGN (0x2)
 *fill*         0x00000159        0x1 
 *(.jumptables)
 *(.jumptables*)
 *(.lowtext)
 *(.lowtext*)
                0x0000015a                __ctors_start = .
 *(.ctors)
                0x0000015a                __ctors_end = .
                0x0000015a                __dtors_start = .
 *(.dtors)
                0x0000015a                __dtors_end = .
 SORT(*)(.ctors)
 SORT(*)(.dtors)
 *(.init0)
 .init0         0x0000015a        0x0 c:/program files (x86)/atmel/avr tools/avr toolchain/bin/../lib/gcc/avr/4.8.1/../../../../avr/lib/avr4/crtm8a.o
                0x0000015a                __init
 *(.init0)
 *(.init1)
 *(.init1)
 *(.init2)
 .init2         0x0000015a        0xc c:/program files (x86)/atmel/avr tools/avr toolchain/bin/../lib/gcc/avr/4.8.1/../../../../avr/lib/avr4/crtm8a.o
 *(.init2)
 *(.init3)
 *(.init3)
 *(.init4)
 .init4         0x00000166       0x16 c:/program files (x86)/atmel/avr tools/avr toolchain/bin/../lib/gcc/avr/4.8.1/avr4\libgcc.a(_copy_data.o)
                0x00000166                __do_copy_data
 .init4         0x0000017c       0x10 c:/program files (x86)/atmel/avr tools/avr toolchain/bin/../lib/gcc/avr/4.8.1/avr4\libgcc.a(_clear_bss.o)
                0x0000017c                __do_clear_bss
 *(.init4)
 *(.init5)
 *(.init5)
 *(.init6)
 *(.init6)
 *(.init7)
 *(.init7)
 *(.init8)
 *(.init8)
 *(.init9)
 .init9         0x0000018c        0x4 c:/program files (x86)/atmel/avr tools/avr toolchain/bin/../lib/gcc/avr/4.8.1/../../../../avr/lib/avr4/crtm8a.o
 *(.init9)
 *(.text)
 .text          0x00000190        0x2 c:/program files (x86)/atmel/avr tools/avr toolchain/bin/../lib/gcc/avr/4.8.1/../../../../avr/lib/avr4/crtm8a.o
                0x00000190                __vector_1
                0x00000190                __bad_interrupt
                0x00000190                __vector_6
                0x00000190                __vector_13
                0x00000190                __vector_17
                0x00000190                __vector_7
                0x00000190                __vector_5
                0x00000190                __vector_4
                0x00000190                __vector_9
                0x00000190                __vector_2
                0x00000190                __vector_15
                0x00000190                __vector_8
                0x00000190                __vector_14
                0x00000190                __vector_10
                0x00000190                __vector_16
                0x00000190                __vector_18
 .text          0x00000192        0x0 ./MK_USART/mkuart.o
 .text          0x00000192        0x0 ./MK_GSM/mk_atcmdlist.o
 .text          0x00000192        0x0 ./MK_GSM/mk_gsm.o
 .text          0x00000192        0x0 ./common.o
 .text          0x00000192        0x0 ./main.o
 .text          0x00000192        0x0 ./soft_timers.o
 .text          0x00000192        0x0 c:/program files (x86)/atmel/avr tools/avr toolchain/bin/../lib/gcc/avr/4.8.1/avr4\libgcc.a(_udivmodhi4.o)
 .text          0x00000192        0x0 c:/program files (x86)/atmel/avr tools/avr toolchain/bin/../lib/gcc/avr/4.8.1/avr4\libgcc.a(_exit.o)
 .text          0x00000192        0x0 c:/program files (x86)/atmel/avr tools/avr toolchain/bin/../lib/gcc/avr/4.8.1/avr4\libgcc.a(_copy_data.o)
 .text          0x00000192        0x0 c:/program files (x86)/atmel/avr tools/avr toolchain/bin/../lib/gcc/avr/4.8.1/avr4\libgcc.a(_clear_bss.o)
 .text          0x00000192        0x0 c:/program files (x86)/atmel/avr tools/avr toolchain/bin/../lib/gcc/avr/4.8.1/../../../../avr/lib/avr4\libc.a(strcmp_P.o)
 .text          0x00000192        0x0 c:/program files (x86)/atmel/avr tools/avr toolchain/bin/../lib/gcc/avr/4.8.1/../../../../avr/lib/avr4\libc.a(strstr.o)
 .text          0x00000192        0x0 c:/program files (x86)/atmel/avr tools/avr toolchain/bin/../lib/gcc/avr/4.8.1/../../../../avr/lib/avr4\libc.a(itoa.o)
 .text          0x00000192        0x0 c:/program files (x86)/atmel/avr tools/avr toolchain/bin/../lib/gcc/avr/4.8.1/../../../../avr/lib/avr4\libc.a(itoa_ncheck.o)
 .text          0x00000192        0x0 c:/program files (x86)/atmel/avr tools/avr toolchain/bin/../lib/gcc/avr/4.8.1/../../../../avr/lib/avr4\libc.a(utoa_ncheck.o)
 .text          0x00000192        0x0 c:/program files (x86)/atmel/avr tools/avr toolchain/bin/../lib/gcc/avr/4.8.1/../../../../avr/lib/avr4\libc.a(strrev.o)
                0x00000192                . = ALIGN (0x2)
 *(.text.*)
 .text.register_uart_str_rx_event_callback
                0x00000192        0xa ./MK_USART/mkuart.o
                0x00000192                register_uart_str_rx_event_callback
 .text.register_uart_str_rx_event_callback0
                0x0000019c        0xa ./MK_USART/mkuart.o
                0x0000019c                register_uart_str_rx_event_callback0
 .text.USART_Init
                0x000001a6       0x14 ./MK_USART/mkuart.o
                0x000001a6                USART_Init
 .text.uart_putc
                0x000001ba       0x28 ./MK_USART/mkuart.o
                0x000001ba                uart_putc
 .text.uart_puts
                0x000001e2       0x16 ./MK_USART/mkuart.o
                0x000001e2                uart_puts
 .text.uart_puts_P
                0x000001f8       0x1c ./MK_USART/mkuart.o
                0x000001f8                uart_puts_P
 .text.uart_putint
                0x00000214       0x36 ./MK_USART/mkuart.o
                0x00000214                uart_putint
 .text.__vector_12
                0x0000024a       0x4e ./MK_USART/mkuart.o
                0x0000024a                __vector_12
 .text.uart_getc
                0x00000298       0x32 ./MK_USART/mkuart.o
                0x00000298                uart_getc
 .text.uart_get_str
                0x000002ca       0x42 ./MK_USART/mkuart.o
                0x000002ca                uart_get_str
 .text.UART_RX_STR_EVENT
                0x0000030c       0x72 ./MK_USART/mkuart.o
                0x0000030c                UART_RX_STR_EVENT
 .text.uart_wait_char
                0x0000037e       0x30 ./MK_USART/mkuart.o
                0x0000037e                uart_wait_char
 .text.__vector_11
                0x000003ae       0x62 ./MK_USART/mkuart.o
                0x000003ae                __vector_11
 .text.send_at  0x00000410      0x100 ./MK_GSM/mk_gsm.o
                0x00000410                send_at
 .text.wait_for_site
                0x00000510       0x1c ./MK_GSM/mk_gsm.o
                0x00000510                wait_for_site
 .text.wait_for_at_process_end
                0x0000052c       0x10 ./MK_GSM/mk_gsm.o
                0x0000052c                wait_for_at_process_end
 .text.adc_init
                0x0000053c        0x8 ./common.o
                0x0000053c                adc_init
 .text.adc_read
                0x00000544        0xc ./common.o
                0x00000544                adc_read
 .text.MAIN_EVENTS
                0x00000550       0x10 ./common.o
                0x00000550                MAIN_EVENTS
 .text.mDelay   0x00000560       0x14 ./common.o
                0x00000560                mDelay
 .text.check    0x00000574       0x14 ./common.o
                0x00000574                check
 .text.battery  0x00000588       0x64 ./common.o
                0x00000588                battery
 .text.parse_rs232
                0x000005ec      0x110 ./main.o
                0x000005ec                parse_rs232
 .text.tmr_at_process
                0x000006fc       0x4c ./main.o
                0x000006fc                tmr_at_process
 .text.gsm_soft_start
                0x00000748      0x1aa ./main.o
                0x00000748                gsm_soft_start
 .text.POST     0x000008f2      0x1b2 ./main.o
                0x000008f2                POST
 .text.startup.main
                0x00000aa4       0x66 ./main.o
                0x00000aa4                main
 .text.timers_process
                0x00000b0a       0x3e ./soft_timers.o
 .text.soft_timers_init
                0x00000b48       0x18 ./soft_timers.o
                0x00000b48                soft_timers_init
 .text.__vector_3
                0x00000b60       0x5e ./soft_timers.o
                0x00000b60                __vector_3
 .text.timer_init
                0x00000bbe       0x24 ./soft_timers.o
                0x00000bbe                timer_init
 .text.timer_enable
                0x00000be2       0x26 ./soft_timers.o
                0x00000be2                timer_enable
 .text.timer_isenabled
                0x00000c08       0x10 ./soft_timers.o
                0x00000c08                timer_isenabled
 .text.timer_disable
                0x00000c18       0x10 ./soft_timers.o
                0x00000c18                timer_disable
 .text.timer_interval
                0x00000c28       0x24 ./soft_timers.o
                0x00000c28                timer_interval
 .text.TIMERS_EVENT
                0x00000c4c       0x58 ./soft_timers.o
                0x00000c4c                TIMERS_EVENT
 .text.libgcc.mul
                0x00000ca4        0x0 c:/program files (x86)/atmel/avr tools/avr toolchain/bin/../lib/gcc/avr/4.8.1/avr4\libgcc.a(_udivmodhi4.o)
 .text.libgcc.div
                0x00000ca4       0x28 c:/program files (x86)/atmel/avr tools/avr toolchain/bin/../lib/gcc/avr/4.8.1/avr4\libgcc.a(_udivmodhi4.o)
                0x00000ca4                __udivmodhi4
 .text.libgcc   0x00000ccc        0x0 c:/program files (x86)/atmel/avr tools/avr toolchain/bin/../lib/gcc/avr/4.8.1/avr4\libgcc.a(_udivmodhi4.o)
 .text.libgcc.prologue
                0x00000ccc        0x0 c:/program files (x86)/atmel/avr tools/avr toolchain/bin/../lib/gcc/avr/4.8.1/avr4\libgcc.a(_udivmodhi4.o)
 .text.libgcc.builtins
                0x00000ccc        0x0 c:/program files (x86)/atmel/avr tools/avr toolchain/bin/../lib/gcc/avr/4.8.1/avr4\libgcc.a(_udivmodhi4.o)
 .text.libgcc.fmul
                0x00000ccc        0x0 c:/program files (x86)/atmel/avr tools/avr toolchain/bin/../lib/gcc/avr/4.8.1/avr4\libgcc.a(_udivmodhi4.o)
 .text.libgcc.fixed
                0x00000ccc        0x0 c:/program files (x86)/atmel/avr tools/avr toolchain/bin/../lib/gcc/avr/4.8.1/avr4\libgcc.a(_udivmodhi4.o)
 .text.libgcc.mul
                0x00000ccc        0x0 c:/program files (x86)/atmel/avr tools/avr toolchain/bin/../lib/gcc/avr/4.8.1/avr4\libgcc.a(_exit.o)
 .text.libgcc.div
                0x00000ccc        0x0 c:/program files (x86)/atmel/avr tools/avr toolchain/bin/../lib/gcc/avr/4.8.1/avr4\libgcc.a(_exit.o)
 .text.libgcc   0x00000ccc        0x0 c:/program files (x86)/atmel/avr tools/avr toolchain/bin/../lib/gcc/avr/4.8.1/avr4\libgcc.a(_exit.o)
 .text.libgcc.prologue
                0x00000ccc        0x0 c:/program files (x86)/atmel/avr tools/avr toolchain/bin/../lib/gcc/avr/4.8.1/avr4\libgcc.a(_exit.o)
 .text.libgcc.builtins
                0x00000ccc        0x0 c:/program files (x86)/atmel/avr tools/avr toolchain/bin/../lib/gcc/avr/4.8.1/avr4\libgcc.a(_exit.o)
 .text.libgcc.fmul
                0x00000ccc        0x0 c:/program files (x86)/atmel/avr tools/avr toolchain/bin/../lib/gcc/avr/4.8.1/avr4\libgcc.a(_exit.o)
 .text.libgcc.fixed
                0x00000ccc        0x0 c:/program files (x86)/atmel/avr tools/avr toolchain/bin/../lib/gcc/avr/4.8.1/avr4\libgcc.a(_exit.o)
 .text.libgcc.mul
                0x00000ccc        0x0 c:/program files (x86)/atmel/avr tools/avr toolchain/bin/../lib/gcc/avr/4.8.1/avr4\libgcc.a(_copy_data.o)
 .text.libgcc.div
                0x00000ccc        0x0 c:/program files (x86)/atmel/avr tools/avr toolchain/bin/../lib/gcc/avr/4.8.1/avr4\libgcc.a(_copy_data.o)
 .text.libgcc   0x00000ccc        0x0 c:/program files (x86)/atmel/avr tools/avr toolchain/bin/../lib/gcc/avr/4.8.1/avr4\libgcc.a(_copy_data.o)
 .text.libgcc.prologue
                0x00000ccc        0x0 c:/program files (x86)/atmel/avr tools/avr toolchain/bin/../lib/gcc/avr/4.8.1/avr4\libgcc.a(_copy_data.o)
 .text.libgcc.builtins
                0x00000ccc        0x0 c:/program files (x86)/atmel/avr tools/avr toolchain/bin/../lib/gcc/avr/4.8.1/avr4\libgcc.a(_copy_data.o)
 .text.libgcc.fmul
                0x00000ccc        0x0 c:/program files (x86)/atmel/avr tools/avr toolchain/bin/../lib/gcc/avr/4.8.1/avr4\libgcc.a(_copy_data.o)
 .text.libgcc.fixed
                0x00000ccc        0x0 c:/program files (x86)/atmel/avr tools/avr toolchain/bin/../lib/gcc/avr/4.8.1/avr4\libgcc.a(_copy_data.o)
 .text.libgcc.mul
                0x00000ccc        0x0 c:/program files (x86)/atmel/avr tools/avr toolchain/bin/../lib/gcc/avr/4.8.1/avr4\libgcc.a(_clear_bss.o)
 .text.libgcc.div
                0x00000ccc        0x0 c:/program files (x86)/atmel/avr tools/avr toolchain/bin/../lib/gcc/avr/4.8.1/avr4\libgcc.a(_clear_bss.o)
 .text.libgcc   0x00000ccc        0x0 c:/program files (x86)/atmel/avr tools/avr toolchain/bin/../lib/gcc/avr/4.8.1/avr4\libgcc.a(_clear_bss.o)
 .text.libgcc.prologue
                0x00000ccc        0x0 c:/program files (x86)/atmel/avr tools/avr toolchain/bin/../lib/gcc/avr/4.8.1/avr4\libgcc.a(_clear_bss.o)
 .text.libgcc.builtins
                0x00000ccc        0x0 c:/program files (x86)/atmel/avr tools/avr toolchain/bin/../lib/gcc/avr/4.8.1/avr4\libgcc.a(_clear_bss.o)
 .text.libgcc.fmul
                0x00000ccc        0x0 c:/program files (x86)/atmel/avr tools/avr toolchain/bin/../lib/gcc/avr/4.8.1/avr4\libgcc.a(_clear_bss.o)
 .text.libgcc.fixed
                0x00000ccc        0x0 c:/program files (x86)/atmel/avr tools/avr toolchain/bin/../lib/gcc/avr/4.8.1/avr4\libgcc.a(_clear_bss.o)
 .text.avr-libc
                0x00000ccc       0x12 c:/program files (x86)/atmel/avr tools/avr toolchain/bin/../lib/gcc/avr/4.8.1/../../../../avr/lib/avr4\libc.a(strcmp_P.o)
                0x00000ccc                strcmp_P
 .text.avr-libc
                0x00000cde       0x34 c:/program files (x86)/atmel/avr tools/avr toolchain/bin/../lib/gcc/avr/4.8.1/../../../../avr/lib/avr4\libc.a(strstr.o)
                0x00000cde                strstr
 .text.avr-libc
                0x00000d12       0x14 c:/program files (x86)/atmel/avr tools/avr toolchain/bin/../lib/gcc/avr/4.8.1/../../../../avr/lib/avr4\libc.a(itoa.o)
                0x00000d12                __itoa
                0x00000d12                itoa
 .text.avr-libc
                0x00000d26       0x14 c:/program files (x86)/atmel/avr tools/avr toolchain/bin/../lib/gcc/avr/4.8.1/../../../../avr/lib/avr4\libc.a(itoa_ncheck.o)
                0x00000d26                __itoa_ncheck
 .text.avr-libc
                0x00000d3a       0x32 c:/program files (x86)/atmel/avr tools/avr toolchain/bin/../lib/gcc/avr/4.8.1/../../../../avr/lib/avr4\libc.a(utoa_ncheck.o)
                0x00000d3a                __utoa_ncheck
                0x00000d3c                __utoa_common
 .text.avr-libc
                0x00000d6c       0x20 c:/program files (x86)/atmel/avr tools/avr toolchain/bin/../lib/gcc/avr/4.8.1/../../../../avr/lib/avr4\libc.a(strrev.o)
                0x00000d6c                strrev
                0x00000d8c                . = ALIGN (0x2)
 *(.fini9)
 .fini9         0x00000d8c        0x0 c:/program files (x86)/atmel/avr tools/avr toolchain/bin/../lib/gcc/avr/4.8.1/avr4\libgcc.a(_exit.o)
                0x00000d8c                _exit
                0x00000d8c                exit
 *(.fini9)
 *(.fini8)
 *(.fini8)
 *(.fini7)
 *(.fini7)
 *(.fini6)
 *(.fini6)
 *(.fini5)
 *(.fini5)
 *(.fini4)
 *(.fini4)
 *(.fini3)
 *(.fini3)
 *(.fini2)
 *(.fini2)
 *(.fini1)
 *(.fini1)
 *(.fini0)
 .fini0         0x00000d8c        0x4 c:/program files (x86)/atmel/avr tools/avr toolchain/bin/../lib/gcc/avr/4.8.1/avr4\libgcc.a(_exit.o)
 *(.fini0)
                0x00000d90                _etext = .

.data           0x00800060       0x22 load address 0x00000d90
                0x00800060                PROVIDE (__data_start, .)
 *(.data)
 .data          0x00800060        0x0 c:/program files (x86)/atmel/avr tools/avr toolchain/bin/../lib/gcc/avr/4.8.1/../../../../avr/lib/avr4/crtm8a.o
 .data          0x00800060        0x0 ./MK_USART/mkuart.o
 .data          0x00800060        0x0 ./MK_GSM/mk_atcmdlist.o
 .data          0x00800060        0x0 ./MK_GSM/mk_gsm.o
 .data          0x00800060        0x0 ./common.o
 .data          0x00800060        0x0 ./main.o
 .data          0x00800060        0x0 ./soft_timers.o
 .data          0x00800060        0x0 c:/program files (x86)/atmel/avr tools/avr toolchain/bin/../lib/gcc/avr/4.8.1/avr4\libgcc.a(_udivmodhi4.o)
 .data          0x00800060        0x0 c:/program files (x86)/atmel/avr tools/avr toolchain/bin/../lib/gcc/avr/4.8.1/avr4\libgcc.a(_exit.o)
 .data          0x00800060        0x0 c:/program files (x86)/atmel/avr tools/avr toolchain/bin/../lib/gcc/avr/4.8.1/avr4\libgcc.a(_copy_data.o)
 .data          0x00800060        0x0 c:/program files (x86)/atmel/avr tools/avr toolchain/bin/../lib/gcc/avr/4.8.1/avr4\libgcc.a(_clear_bss.o)
 .data          0x00800060        0x0 c:/program files (x86)/atmel/avr tools/avr toolchain/bin/../lib/gcc/avr/4.8.1/../../../../avr/lib/avr4\libc.a(strcmp_P.o)
 .data          0x00800060        0x0 c:/program files (x86)/atmel/avr tools/avr toolchain/bin/../lib/gcc/avr/4.8.1/../../../../avr/lib/avr4\libc.a(strstr.o)
 .data          0x00800060        0x0 c:/program files (x86)/atmel/avr tools/avr toolchain/bin/../lib/gcc/avr/4.8.1/../../../../avr/lib/avr4\libc.a(itoa.o)
 .data          0x00800060        0x0 c:/program files (x86)/atmel/avr tools/avr toolchain/bin/../lib/gcc/avr/4.8.1/../../../../avr/lib/avr4\libc.a(itoa_ncheck.o)
 .data          0x00800060        0x0 c:/program files (x86)/atmel/avr tools/avr toolchain/bin/../lib/gcc/avr/4.8.1/../../../../avr/lib/avr4\libc.a(utoa_ncheck.o)
 .data          0x00800060        0x0 c:/program files (x86)/atmel/avr tools/avr toolchain/bin/../lib/gcc/avr/4.8.1/../../../../avr/lib/avr4\libc.a(strrev.o)
 *(.data*)
 *(.rodata)
 *(.rodata*)
 .rodata.str1.1
                0x00800060       0x22 ./main.o
                                 0x23 (size before relaxing)
 *(.gnu.linkonce.d*)
                0x00800082                . = ALIGN (0x2)
                0x00800082                _edata = .
                0x00800082                PROVIDE (__data_end, .)

.bss            0x00800082      0x23d
                0x00800082                PROVIDE (__bss_start, .)
 *(.bss)
 .bss           0x00800082        0x0 c:/program files (x86)/atmel/avr tools/avr toolchain/bin/../lib/gcc/avr/4.8.1/../../../../avr/lib/avr4/crtm8a.o
 .bss           0x00800082        0x0 ./MK_USART/mkuart.o
 .bss           0x00800082        0x0 ./MK_GSM/mk_atcmdlist.o
 .bss           0x00800082        0x0 ./MK_GSM/mk_gsm.o
 .bss           0x00800082        0x0 ./common.o
 .bss           0x00800082        0x0 ./main.o
 .bss           0x00800082        0x0 ./soft_timers.o
 .bss           0x00800082        0x0 c:/program files (x86)/atmel/avr tools/avr toolchain/bin/../lib/gcc/avr/4.8.1/avr4\libgcc.a(_udivmodhi4.o)
 .bss           0x00800082        0x0 c:/program files (x86)/atmel/avr tools/avr toolchain/bin/../lib/gcc/avr/4.8.1/avr4\libgcc.a(_exit.o)
 .bss           0x00800082        0x0 c:/program files (x86)/atmel/avr tools/avr toolchain/bin/../lib/gcc/avr/4.8.1/avr4\libgcc.a(_copy_data.o)
 .bss           0x00800082        0x0 c:/program files (x86)/atmel/avr tools/avr toolchain/bin/../lib/gcc/avr/4.8.1/avr4\libgcc.a(_clear_bss.o)
 .bss           0x00800082        0x0 c:/program files (x86)/atmel/avr tools/avr toolchain/bin/../lib/gcc/avr/4.8.1/../../../../avr/lib/avr4\libc.a(strcmp_P.o)
 .bss           0x00800082        0x0 c:/program files (x86)/atmel/avr tools/avr toolchain/bin/../lib/gcc/avr/4.8.1/../../../../avr/lib/avr4\libc.a(strstr.o)
 .bss           0x00800082        0x0 c:/program files (x86)/atmel/avr tools/avr toolchain/bin/../lib/gcc/avr/4.8.1/../../../../avr/lib/avr4\libc.a(itoa.o)
 .bss           0x00800082        0x0 c:/program files (x86)/atmel/avr tools/avr toolchain/bin/../lib/gcc/avr/4.8.1/../../../../avr/lib/avr4\libc.a(itoa_ncheck.o)
 .bss           0x00800082        0x0 c:/program files (x86)/atmel/avr tools/avr toolchain/bin/../lib/gcc/avr/4.8.1/../../../../avr/lib/avr4\libc.a(utoa_ncheck.o)
 .bss           0x00800082        0x0 c:/program files (x86)/atmel/avr tools/avr toolchain/bin/../lib/gcc/avr/4.8.1/../../../../avr/lib/avr4\libc.a(strrev.o)
 *(.bss*)
 .bss.uart_rx_str_event_callback0
                0x00800082        0x2 ./MK_USART/mkuart.o
 .bss.uart_rx_str_event_callback
                0x00800084        0x2 ./MK_USART/mkuart.o
 .bss.er_cnt    0x00800086        0x1 ./common.o
                0x00800086                er_cnt
 .bss.d         0x00800087        0x1 ./main.o
                0x00800087                d
 .bss.c         0x00800088        0x1 ./main.o
                0x00800088                c
 *(COMMON)
 COMMON         0x00800089      0x107 ./MK_USART/mkuart.o
                0x00800089                UART_TxHead
                0x0080008a                ascii_line
                0x0080008b                UART_TxTail
                0x0080008c                UART_TxBuf
                0x0080008e                UART_RxHead
                0x0080008f                UART_RxTail
                0x00800090                UART_RxBuf
 COMMON         0x00800190        0xe ./MK_GSM/mk_atcmdlist.o
                0x00800190                TOKEN
                0x00800192                Lattitude
                0x00800194                STATE
                0x00800196                GPS_READY
                0x00800198                EW
                0x0080019a                Longitude
                0x0080019c                NS
 COMMON         0x0080019e        0xc ./MK_GSM/mk_gsm.o
                0x0080019e                atprocess
                0x008001a5                bat
                0x008001a7                res
                0x008001a8                gpsprocess
 COMMON         0x008001aa      0x100 ./main.o
                0x008001aa                buf
 COMMON         0x008002aa       0x15 ./soft_timers.o
                0x008002aa                stimers
                0x008002bf                PROVIDE (__bss_end, .)
                0x00000d90                __data_load_start = LOADADDR (.data)
                0x00000db2                __data_load_end = (__data_load_start + SIZEOF (.data))

.noinit         0x008002bf        0x0
                0x008002bf                PROVIDE (__noinit_start, .)
 *(.noinit*)
                0x008002bf                PROVIDE (__noinit_end, .)
                0x008002bf                _end = .
                0x008002bf                PROVIDE (__heap_start, .)

.eeprom         0x00810000        0x0
 *(.eeprom*)
                0x00810000                __eeprom_end = .

.fuse
 *(.fuse)
 *(.lfuse)
 *(.hfuse)
 *(.efuse)

.lock
 *(.lock*)

.signature
 *(.signature*)

.user_signatures
 *(.user_signatures*)

.stab
 *(.stab)

.stabstr
 *(.stabstr)

.stab.excl
 *(.stab.excl)

.stab.exclstr
 *(.stab.exclstr)

.stab.index
 *(.stab.index)

.stab.indexstr
 *(.stab.indexstr)

.comment        0x00000000       0x30
 *(.comment)
 .comment       0x00000000       0x30 ./MK_USART/mkuart.o
                                 0x31 (size before relaxing)
 .comment       0x00000000       0x31 ./MK_GSM/mk_atcmdlist.o
 .comment       0x00000000       0x31 ./MK_GSM/mk_gsm.o
 .comment       0x00000000       0x31 ./common.o
 .comment       0x00000000       0x31 ./main.o
 .comment       0x00000000       0x31 ./soft_timers.o

.note.gnu.build-id
 *(.note.gnu.build-id)

.debug
 *(.debug)

.line
 *(.line)

.debug_srcinfo
 *(.debug_srcinfo)

.debug_sfnames
 *(.debug_sfnames)

.debug_aranges
 *(.debug_aranges)

.debug_pubnames
 *(.debug_pubnames)

.debug_info
 *(.debug_info .gnu.linkonce.wi.*)

.debug_abbrev
 *(.debug_abbrev)

.debug_line
 *(.debug_line .debug_line.* .debug_line_end)

.debug_frame
 *(.debug_frame)

.debug_str
 *(.debug_str)

.debug_loc
 *(.debug_loc)

.debug_macinfo
 *(.debug_macinfo)

.debug_weaknames
 *(.debug_weaknames)

.debug_funcnames
 *(.debug_funcnames)

.debug_typenames
 *(.debug_typenames)

.debug_varnames
 *(.debug_varnames)

.debug_pubtypes
 *(.debug_pubtypes)

.debug_ranges
 *(.debug_ranges)

.debug_macro
 *(.debug_macro)
OUTPUT(SIM808.elf elf32-avr)
LOAD linker stubs
